2026-03-16T06:44:01.411Z [INFO] [Lingo.dev] 📥 Received: POST /translations/en
2026-03-16T06:44:01.857Z [INFO] [Lingo.dev] 🔄 Processing: POST /translations/en
2026-03-16T06:44:01.951Z [DEBUG] [Lingo.dev] POST /translations/en
2026-03-16T06:44:02.128Z [DEBUG] [Lingo.dev] Reading request body...
2026-03-16T06:44:02.340Z [DEBUG] [Lingo.dev] Chunk read, body: {"hashes":["498bde000b56","9ad922c5a3f9","fe51bf1cf1b4","cabbfb341ef3","706150d051d0","61bb762097c1"]}
2026-03-16T06:44:03.579Z [DEBUG] [Lingo.dev] Parsed hashes: 498bde000b56,9ad922c5a3f9,fe51bf1cf1b4,cabbfb341ef3,706150d051d0,61bb762097c1
2026-03-16T06:44:04.075Z [INFO] [Lingo.dev] 📥 Received: POST /translations/en
2026-03-16T06:44:04.186Z [INFO] [Lingo.dev] 🔄 Processing: POST /translations/en
2026-03-16T06:44:04.250Z [DEBUG] [Lingo.dev] POST /translations/en
2026-03-16T06:44:04.288Z [DEBUG] [Lingo.dev] Reading request body...
2026-03-16T06:44:04.327Z [DEBUG] [Lingo.dev] Chunk read, body: {"hashes":["8818ca53e31c","86dbb9f023f2"]}
2026-03-16T06:44:04.356Z [DEBUG] [Lingo.dev] Parsed hashes: 8818ca53e31c,86dbb9f023f2
2026-03-16T06:44:04.387Z [DEBUG] [Lingo.dev] Reloaded metadata: 8 entries
2026-03-16T06:44:04.408Z [DEBUG] [Lingo.dev] Reloaded metadata: 8 entries
2026-03-16T06:44:04.440Z [INFO] [Lingo.dev] 🔄 Translating 6 hashes to en
2026-03-16T06:44:04.462Z [DEBUG] [Lingo.dev] 🔄 Hashes: 498bde000b56, 9ad922c5a3f9, fe51bf1cf1b4, cabbfb341ef3, 706150d051d0, 61bb762097c1
2026-03-16T06:44:04.501Z [DEBUG] [Lingo.dev] [BUSY] Server is now busy (1 active)
2026-03-16T06:44:04.510Z [INFO] [Lingo.dev] 🔄 Translating 2 hashes to en
2026-03-16T06:44:04.528Z [DEBUG] [Lingo.dev] 🔄 Hashes: 8818ca53e31c, 86dbb9f023f2
2026-03-16T06:44:04.576Z [DEBUG] [Lingo.dev] [IDLE] Server is now idle
2026-03-16T06:44:04.608Z [INFO] [Lingo.dev] 📥 Received: POST /translations/en
2026-03-16T06:44:04.626Z [INFO] [Lingo.dev] 🔄 Processing: POST /translations/en
2026-03-16T06:44:04.646Z [DEBUG] [Lingo.dev] POST /translations/en
2026-03-16T06:44:04.668Z [DEBUG] [Lingo.dev] Reading request body...
2026-03-16T06:44:04.699Z [DEBUG] [Lingo.dev] Chunk read, body: {"hashes":["498bde000b56","9ad922c5a3f9","fe51bf1cf1b4","cabbfb341ef3","706150d051d0","61bb762097c1"]}
2026-03-16T06:44:04.724Z [DEBUG] [Lingo.dev] Parsed hashes: 498bde000b56,9ad922c5a3f9,fe51bf1cf1b4,cabbfb341ef3,706150d051d0,61bb762097c1
2026-03-16T06:44:04.805Z [DEBUG] [Lingo.dev] Reloaded metadata: 8 entries
2026-03-16T06:44:04.847Z [INFO] [Lingo.dev] 🔄 Translating 6 hashes to en
2026-03-16T06:44:04.876Z [DEBUG] [Lingo.dev] 🔄 Hashes: 498bde000b56, 9ad922c5a3f9, fe51bf1cf1b4, cabbfb341ef3, 706150d051d0, 61bb762097c1
2026-03-16T06:44:04.901Z [DEBUG] [Lingo.dev] [BUSY] Server is now busy (1 active)
2026-03-16T06:44:04.926Z [DEBUG] [Lingo.dev] [IDLE] Server is now idle
2026-03-16T06:44:16.256Z [DEBUG] [Lingo.dev] WebSocket client connected. Total clients: 1
2026-03-16T06:57:43.639Z [INFO] [Lingo.dev] 📥 Received: POST /translations/en
2026-03-16T06:57:43.711Z [INFO] [Lingo.dev] 🔄 Processing: POST /translations/en
2026-03-16T06:57:43.752Z [DEBUG] [Lingo.dev] POST /translations/en
2026-03-16T06:57:43.857Z [DEBUG] [Lingo.dev] Reading request body...
2026-03-16T06:57:43.925Z [DEBUG] [Lingo.dev] Chunk read, body: {"hashes":["8818ca53e31c","86dbb9f023f2"]}
2026-03-16T06:57:44.012Z [DEBUG] [Lingo.dev] Parsed hashes: 8818ca53e31c,86dbb9f023f2
2026-03-16T06:57:44.067Z [DEBUG] [Lingo.dev] Reloaded metadata: 8 entries
2026-03-16T06:57:44.116Z [INFO] [Lingo.dev] 🔄 Translating 2 hashes to en
2026-03-16T06:57:44.216Z [DEBUG] [Lingo.dev] 🔄 Hashes: 8818ca53e31c, 86dbb9f023f2
2026-03-16T06:57:44.293Z [DEBUG] [Lingo.dev] [BUSY] Server is now busy (1 active)
2026-03-16T06:57:44.422Z [DEBUG] [Lingo.dev] WebSocket client disconnected. Total clients: 0
2026-03-16T06:57:44.498Z [DEBUG] [Lingo.dev] [IDLE] Server is now idle
2026-03-16T06:57:44.806Z [DEBUG] [Lingo.dev] WebSocket client connected. Total clients: 1
2026-03-16T06:58:46.923Z [INFO] [Lingo.dev] 📥 Received: POST /translations/en
2026-03-16T06:58:47.161Z [INFO] [Lingo.dev] 🔄 Processing: POST /translations/en
2026-03-16T06:58:47.176Z [DEBUG] [Lingo.dev] POST /translations/en
2026-03-16T06:58:47.245Z [DEBUG] [Lingo.dev] Reading request body...
2026-03-16T06:58:47.262Z [DEBUG] [Lingo.dev] Chunk read, body: {"hashes":["8818ca53e31c","86dbb9f023f2"]}
2026-03-16T06:58:47.283Z [DEBUG] [Lingo.dev] Parsed hashes: 8818ca53e31c,86dbb9f023f2
2026-03-16T06:58:47.297Z [DEBUG] [Lingo.dev] Reloaded metadata: 8 entries
2026-03-16T06:58:47.309Z [INFO] [Lingo.dev] 🔄 Translating 2 hashes to en
2026-03-16T06:58:47.386Z [DEBUG] [Lingo.dev] 🔄 Hashes: 8818ca53e31c, 86dbb9f023f2
2026-03-16T06:58:47.437Z [DEBUG] [Lingo.dev] [BUSY] Server is now busy (1 active)
2026-03-16T06:58:47.582Z [DEBUG] [Lingo.dev] [IDLE] Server is now idle
2026-03-16T06:58:48.862Z [DEBUG] [Lingo.dev] WebSocket client disconnected. Total clients: 0
2026-03-16T06:58:51.594Z [DEBUG] [Lingo.dev] WebSocket client connected. Total clients: 1
2026-03-16T06:59:20.616Z [INFO] [Lingo.dev] 📥 Received: POST /translations/en
2026-03-16T06:59:20.689Z [INFO] [Lingo.dev] 🔄 Processing: POST /translations/en
2026-03-16T06:59:20.720Z [DEBUG] [Lingo.dev] POST /translations/en
2026-03-16T06:59:20.740Z [DEBUG] [Lingo.dev] Reading request body...
2026-03-16T06:59:20.892Z [DEBUG] [Lingo.dev] Chunk read, body: {"hashes":["8818ca53e31c","86dbb9f023f2"]}
2026-03-16T06:59:20.907Z [DEBUG] [Lingo.dev] Parsed hashes: 8818ca53e31c,86dbb9f023f2
2026-03-16T06:59:20.972Z [DEBUG] [Lingo.dev] Reloaded metadata: 8 entries
2026-03-16T06:59:21.004Z [INFO] [Lingo.dev] 🔄 Translating 2 hashes to en
2026-03-16T06:59:21.024Z [DEBUG] [Lingo.dev] 🔄 Hashes: 8818ca53e31c, 86dbb9f023f2
2026-03-16T06:59:21.052Z [DEBUG] [Lingo.dev] [BUSY] Server is now busy (1 active)
2026-03-16T06:59:21.149Z [DEBUG] [Lingo.dev] [IDLE] Server is now idle
2026-03-16T06:59:21.238Z [DEBUG] [Lingo.dev] WebSocket client disconnected. Total clients: 0
2026-03-16T06:59:23.014Z [DEBUG] [Lingo.dev] WebSocket client connected. Total clients: 1
2026-03-16T06:59:44.117Z [INFO] [Lingo.dev] 📥 Received: POST /translations/en
2026-03-16T06:59:44.488Z [INFO] [Lingo.dev] 🔄 Processing: POST /translations/en
2026-03-16T06:59:44.557Z [DEBUG] [Lingo.dev] POST /translations/en
2026-03-16T06:59:44.583Z [DEBUG] [Lingo.dev] Reading request body...
2026-03-16T06:59:44.605Z [DEBUG] [Lingo.dev] Chunk read, body: {"hashes":["8818ca53e31c","86dbb9f023f2"]}
2026-03-16T06:59:44.632Z [DEBUG] [Lingo.dev] Parsed hashes: 8818ca53e31c,86dbb9f023f2
2026-03-16T06:59:44.678Z [DEBUG] [Lingo.dev] Reloaded metadata: 8 entries
2026-03-16T06:59:44.726Z [INFO] [Lingo.dev] 🔄 Translating 2 hashes to en
2026-03-16T06:59:44.816Z [DEBUG] [Lingo.dev] 🔄 Hashes: 8818ca53e31c, 86dbb9f023f2
2026-03-16T06:59:44.840Z [DEBUG] [Lingo.dev] [BUSY] Server is now busy (1 active)
2026-03-16T06:59:44.870Z [DEBUG] [Lingo.dev] WebSocket client disconnected. Total clients: 0
2026-03-16T06:59:44.902Z [DEBUG] [Lingo.dev] [IDLE] Server is now idle
2026-03-16T06:59:46.219Z [DEBUG] [Lingo.dev] WebSocket client connected. Total clients: 1
2026-03-16T06:59:46.316Z [INFO] [Lingo.dev] 📥 Received: OPTIONS /translations/en
2026-03-16T06:59:46.433Z [INFO] [Lingo.dev] 🔄 Processing: OPTIONS /translations/en
2026-03-16T06:59:46.443Z [DEBUG] [Lingo.dev] OPTIONS /translations/en
2026-03-16T06:59:46.452Z [INFO] [Lingo.dev] 📥 Received: POST /translations/en
2026-03-16T06:59:46.472Z [INFO] [Lingo.dev] 🔄 Processing: POST /translations/en
2026-03-16T06:59:46.491Z [DEBUG] [Lingo.dev] POST /translations/en
2026-03-16T06:59:46.523Z [DEBUG] [Lingo.dev] Reading request body...
2026-03-16T06:59:46.552Z [DEBUG] [Lingo.dev] Chunk read, body: {"hashes":["9ad922c5a3f9","fe51bf1cf1b4","cabbfb341ef3","706150d051d0","61bb762097c1"]}
2026-03-16T06:59:46.584Z [DEBUG] [Lingo.dev] Parsed hashes: 9ad922c5a3f9,fe51bf1cf1b4,cabbfb341ef3,706150d051d0,61bb762097c1
2026-03-16T06:59:46.629Z [DEBUG] [Lingo.dev] Reloaded metadata: 8 entries
2026-03-16T06:59:46.647Z [INFO] [Lingo.dev] 🔄 Translating 5 hashes to en
2026-03-16T06:59:46.669Z [DEBUG] [Lingo.dev] 🔄 Hashes: 9ad922c5a3f9, fe51bf1cf1b4, cabbfb341ef3, 706150d051d0, 61bb762097c1
2026-03-16T06:59:46.693Z [DEBUG] [Lingo.dev] [BUSY] Server is now busy (1 active)
2026-03-16T06:59:46.847Z [DEBUG] [Lingo.dev] [IDLE] Server is now idle
2026-03-16T11:33:47.912Z [INFO] [Lingo.dev] Port 60000 is available, starting new server...
2026-03-16T11:34:15.439Z [INFO] [Lingo.dev] 🔧 Initializing translator...
2026-03-16T11:34:15.606Z [DEBUG] [Lingo.dev] Starting translation server on port 60000
2026-03-16T11:34:15.696Z [INFO] [Lingo.dev] Translation server listening on http://127.0.0.1:60000
2026-03-16T11:34:15.708Z [INFO] [Lingo.dev] WebSocket server initialized
2026-03-16T11:38:31.749Z [INFO] [Lingo.dev] 📥 Received: POST /translations/en
2026-03-16T11:38:32.013Z [INFO] [Lingo.dev] 🔄 Processing: POST /translations/en
2026-03-16T11:38:32.065Z [DEBUG] [Lingo.dev] POST /translations/en
2026-03-16T11:38:32.208Z [DEBUG] [Lingo.dev] Reading request body...
2026-03-16T11:38:32.556Z [DEBUG] [Lingo.dev] Chunk read, body: {"hashes":["9ad922c5a3f9","fe51bf1cf1b4"]}
2026-03-16T11:38:33.107Z [DEBUG] [Lingo.dev] Parsed hashes: 9ad922c5a3f9,fe51bf1cf1b4
2026-03-16T11:38:33.453Z [INFO] [Lingo.dev] 📥 Received: POST /translations/en
2026-03-16T11:38:33.826Z [INFO] [Lingo.dev] 🔄 Processing: POST /translations/en
2026-03-16T11:38:34.065Z [DEBUG] [Lingo.dev] POST /translations/en
2026-03-16T11:38:34.354Z [DEBUG] [Lingo.dev] Reading request body...
2026-03-16T11:38:34.485Z [DEBUG] [Lingo.dev] Chunk read, body: {"hashes":["8818ca53e31c","86dbb9f023f2"]}
2026-03-16T11:38:34.613Z [DEBUG] [Lingo.dev] Parsed hashes: 8818ca53e31c,86dbb9f023f2
2026-03-16T11:38:34.688Z [DEBUG] [Lingo.dev] Reloaded metadata: 2 entries
2026-03-16T11:38:34.775Z [DEBUG] [Lingo.dev] Reloaded metadata: 2 entries
2026-03-16T11:38:34.883Z [INFO] [Lingo.dev] 🔄 Translating 2 hashes to en
2026-03-16T11:38:34.965Z [DEBUG] [Lingo.dev] 🔄 Hashes: 9ad922c5a3f9, fe51bf1cf1b4
2026-03-16T11:38:35.052Z [DEBUG] [Lingo.dev] [BUSY] Server is now busy (1 active)
2026-03-16T11:38:35.181Z [INFO] [Lingo.dev] 🔄 Translating 2 hashes to en
2026-03-16T11:38:35.339Z [DEBUG] [Lingo.dev] 🔄 Hashes: 8818ca53e31c, 86dbb9f023f2
2026-03-16T11:38:35.498Z [INFO] [Lingo.dev] 📥 Received: POST /translations/en
2026-03-16T11:38:35.568Z [INFO] [Lingo.dev] 🔄 Processing: POST /translations/en
2026-03-16T11:38:35.727Z [DEBUG] [Lingo.dev] POST /translations/en
2026-03-16T11:38:35.843Z [DEBUG] [Lingo.dev] Reading request body...
2026-03-16T11:38:35.992Z [DEBUG] [Lingo.dev] Chunk read, body: {"hashes":["9ad922c5a3f9","fe51bf1cf1b4"]}
2026-03-16T11:38:36.127Z [DEBUG] [Lingo.dev] Parsed hashes: 9ad922c5a3f9,fe51bf1cf1b4
2026-03-16T11:38:36.227Z [DEBUG] [Lingo.dev] Reloaded metadata: 2 entries
2026-03-16T11:38:36.326Z [INFO] [Lingo.dev] 🔄 Translating 2 hashes to en
2026-03-16T11:38:36.351Z [DEBUG] [Lingo.dev] 🔄 Hashes: 9ad922c5a3f9, fe51bf1cf1b4
2026-03-16T11:38:36.376Z [DEBUG] [Lingo.dev] [IDLE] Server is now idle
2026-03-16T11:38:36.395Z [DEBUG] [Lingo.dev] WebSocket client connected. Total clients: 1
2026-03-16T11:39:53.417Z [INFO] [Lingo.dev] 📥 Received: POST /translations/en
2026-03-16T11:39:53.513Z [INFO] [Lingo.dev] 🔄 Processing: POST /translations/en
2026-03-16T11:39:53.645Z [DEBUG] [Lingo.dev] POST /translations/en
2026-03-16T11:39:53.705Z [DEBUG] [Lingo.dev] Reading request body...
2026-03-16T11:39:53.775Z [DEBUG] [Lingo.dev] Chunk read, body: {"hashes":["8818ca53e31c","86dbb9f023f2"]}
2026-03-16T11:39:53.960Z [DEBUG] [Lingo.dev] Parsed hashes: 8818ca53e31c,86dbb9f023f2
2026-03-16T11:39:54.087Z [DEBUG] [Lingo.dev] Reloaded metadata: 2 entries
2026-03-16T11:39:54.206Z [INFO] [Lingo.dev] 🔄 Translating 2 hashes to en
2026-03-16T11:39:54.591Z [DEBUG] [Lingo.dev] 🔄 Hashes: 8818ca53e31c, 86dbb9f023f2
2026-03-16T11:39:54.889Z [DEBUG] [Lingo.dev] [BUSY] Server is now busy (1 active)
2026-03-16T11:39:54.903Z [DEBUG] [Lingo.dev] [IDLE] Server is now idle
2026-03-16T11:39:55.591Z [DEBUG] [Lingo.dev] WebSocket client disconnected. Total clients: 0
2026-03-16T11:40:00.010Z [DEBUG] [Lingo.dev] WebSocket client connected. Total clients: 1
2026-03-16T11:40:14.958Z [INFO] [Lingo.dev] 📥 Received: POST /translations/en
2026-03-16T11:40:15.095Z [INFO] [Lingo.dev] 🔄 Processing: POST /translations/en
2026-03-16T11:40:15.393Z [DEBUG] [Lingo.dev] POST /translations/en
2026-03-16T11:40:15.549Z [DEBUG] [Lingo.dev] Reading request body...
2026-03-16T11:40:15.826Z [DEBUG] [Lingo.dev] Chunk read, body: {"hashes":["9ad922c5a3f9","fe51bf1cf1b4"]}
2026-03-16T11:40:16.192Z [DEBUG] [Lingo.dev] Parsed hashes: 9ad922c5a3f9,fe51bf1cf1b4
2026-03-16T11:40:16.422Z [DEBUG] [Lingo.dev] Reloaded metadata: 2 entries
2026-03-16T11:40:16.804Z [INFO] [Lingo.dev] 🔄 Translating 2 hashes to en
2026-03-16T11:40:16.939Z [DEBUG] [Lingo.dev] 🔄 Hashes: 9ad922c5a3f9, fe51bf1cf1b4
2026-03-16T11:40:17.099Z [DEBUG] [Lingo.dev] [BUSY] Server is now busy (1 active)
2026-03-16T11:40:17.212Z [INFO] [Lingo.dev] 📥 Received: POST /translations/en
2026-03-16T11:40:17.290Z [INFO] [Lingo.dev] 🔄 Processing: POST /translations/en
2026-03-16T11:40:17.432Z [DEBUG] [Lingo.dev] POST /translations/en
2026-03-16T11:40:17.499Z [DEBUG] [Lingo.dev] Reading request body...
2026-03-16T11:40:17.526Z [DEBUG] [Lingo.dev] Chunk read, body: {"hashes":["8818ca53e31c","86dbb9f023f2"]}
2026-03-16T11:40:17.554Z [DEBUG] [Lingo.dev] Parsed hashes: 8818ca53e31c,86dbb9f023f2
2026-03-16T11:40:17.595Z [DEBUG] [Lingo.dev] Reloaded metadata: 2 entries
2026-03-16T11:40:17.626Z [INFO] [Lingo.dev] 🔄 Translating 2 hashes to en
2026-03-16T11:40:17.667Z [DEBUG] [Lingo.dev] 🔄 Hashes: 8818ca53e31c, 86dbb9f023f2
2026-03-16T11:40:17.861Z [INFO] [Lingo.dev] 📥 Received: POST /translations/en
2026-03-16T11:40:17.909Z [INFO] [Lingo.dev] 🔄 Processing: POST /translations/en
2026-03-16T11:40:17.938Z [DEBUG] [Lingo.dev] POST /translations/en
2026-03-16T11:40:17.968Z [DEBUG] [Lingo.dev] Reading request body...
2026-03-16T11:40:17.986Z [DEBUG] [Lingo.dev] Chunk read, body: {"hashes":["9ad922c5a3f9","fe51bf1cf1b4"]}
2026-03-16T11:40:18.010Z [DEBUG] [Lingo.dev] Parsed hashes: 9ad922c5a3f9,fe51bf1cf1b4
2026-03-16T11:40:18.038Z [DEBUG] [Lingo.dev] Reloaded metadata: 2 entries
2026-03-16T11:40:18.085Z [INFO] [Lingo.dev] 🔄 Translating 2 hashes to en
2026-03-16T11:40:18.115Z [DEBUG] [Lingo.dev] 🔄 Hashes: 9ad922c5a3f9, fe51bf1cf1b4
2026-03-16T11:40:18.179Z [DEBUG] [Lingo.dev] WebSocket client disconnected. Total clients: 0
2026-03-16T11:40:18.245Z [DEBUG] [Lingo.dev] [IDLE] Server is now idle
2026-03-16T11:40:19.528Z [DEBUG] [Lingo.dev] WebSocket client connected. Total clients: 1
2026-03-16T12:01:19.286Z [INFO] [Lingo.dev] 📥 Received: OPTIONS /translations/en
2026-03-16T12:01:19.486Z [INFO] [Lingo.dev] 🔄 Processing: OPTIONS /translations/en
2026-03-16T12:01:19.493Z [DEBUG] [Lingo.dev] OPTIONS /translations/en
2026-03-16T12:01:19.500Z [INFO] [Lingo.dev] 📥 Received: POST /translations/en
2026-03-16T12:01:19.513Z [INFO] [Lingo.dev] 🔄 Processing: POST /translations/en
2026-03-16T12:01:19.527Z [DEBUG] [Lingo.dev] POST /translations/en
2026-03-16T12:01:19.551Z [DEBUG] [Lingo.dev] Reading request body...
2026-03-16T12:01:19.577Z [DEBUG] [Lingo.dev] Chunk read, body: {"hashes":["9ad922c5a3f9","fe51bf1cf1b4"]}
2026-03-16T12:01:19.635Z [DEBUG] [Lingo.dev] Parsed hashes: 9ad922c5a3f9,fe51bf1cf1b4
2026-03-16T12:01:19.717Z [DEBUG] [Lingo.dev] Reloaded metadata: 2 entries
2026-03-16T12:01:19.765Z [INFO] [Lingo.dev] 🔄 Translating 2 hashes to en
2026-03-16T12:01:19.887Z [DEBUG] [Lingo.dev] 🔄 Hashes: 9ad922c5a3f9, fe51bf1cf1b4
2026-03-16T12:01:19.942Z [DEBUG] [Lingo.dev] [BUSY] Server is now busy (1 active)
2026-03-16T12:01:19.957Z [DEBUG] [Lingo.dev] [IDLE] Server is now idle
2026-03-16T13:10:14.350Z [INFO] [Lingo.dev] Port 60000 is available, starting new server...
2026-03-16T13:10:25.271Z [INFO] [Lingo.dev] 🔧 Initializing translator...
2026-03-16T13:10:25.434Z [DEBUG] [Lingo.dev] Starting translation server on port 60000
2026-03-16T13:10:25.449Z [INFO] [Lingo.dev] Translation server listening on http://127.0.0.1:60000
2026-03-16T13:10:25.482Z [INFO] [Lingo.dev] WebSocket server initialized
2026-03-16T13:15:51.666Z [INFO] [Lingo.dev] 📥 Received: POST /translations/en
2026-03-16T13:15:51.714Z [INFO] [Lingo.dev] 🔄 Processing: POST /translations/en
2026-03-16T13:15:51.732Z [DEBUG] [Lingo.dev] POST /translations/en
2026-03-16T13:15:51.829Z [DEBUG] [Lingo.dev] Reading request body...
2026-03-16T13:15:51.996Z [DEBUG] [Lingo.dev] Chunk read, body: {"hashes":["0ca2409cb5e7","890adbc3b23e","eccfd7423db9","8309d9f248bf","519a6b7b3462","c75278194643","8ba6d9af58a0","b47090379328","96413029250f","b186bc17dc00","245a3ceb3118","a8a5fa634d3e","c30faff3dceb","3e0500dcdd8c","8f91c05244d3","0ca2409cb5e7","ebe764dc8e6b","9b8b182a9d82","a2524633a169","1792b4716253"]}
2026-03-16T13:15:52.303Z [DEBUG] [Lingo.dev] Parsed hashes: 0ca2409cb5e7,890adbc3b23e,eccfd7423db9,8309d9f248bf,519a6b7b3462,c75278194643,8ba6d9af58a0,b47090379328,96413029250f,b186bc17dc00,245a3ceb3118,a8a5fa634d3e,c30faff3dceb,3e0500dcdd8c,8f91c05244d3,0ca2409cb5e7,ebe764dc8e6b,9b8b182a9d82,a2524633a169,1792b4716253
2026-03-16T13:15:52.489Z [INFO] [Lingo.dev] 📥 Received: POST /translations/en
2026-03-16T13:15:52.687Z [INFO] [Lingo.dev] 🔄 Processing: POST /translations/en
2026-03-16T13:15:53.244Z [DEBUG] [Lingo.dev] POST /translations/en
2026-03-16T13:15:53.536Z [DEBUG] [Lingo.dev] Reading request body...
2026-03-16T13:15:53.759Z [DEBUG] [Lingo.dev] Chunk read, body: {"hashes":["bcd6c4434eb0","8527ac14fb2e"]}
2026-03-16T13:15:53.927Z [DEBUG] [Lingo.dev] Parsed hashes: bcd6c4434eb0,8527ac14fb2e
2026-03-16T13:15:54.032Z [DEBUG] [Lingo.dev] Reloaded metadata: 21 entries
2026-03-16T13:15:54.268Z [DEBUG] [Lingo.dev] Reloaded metadata: 21 entries
2026-03-16T13:15:54.419Z [INFO] [Lingo.dev] 🔄 Translating 20 hashes to en
2026-03-16T13:15:54.501Z [DEBUG] [Lingo.dev] 🔄 Hashes: 0ca2409cb5e7, 890adbc3b23e, eccfd7423db9, 8309d9f248bf, 519a6b7b3462, c75278194643, 8ba6d9af58a0, b47090379328, 96413029250f, b186bc17dc00, 245a3ceb3118, a8a5fa634d3e, c30faff3dceb, 3e0500dcdd8c, 8f91c05244d3, 0ca2409cb5e7, ebe764dc8e6b, 9b8b182a9d82, a2524633a169, 1792b4716253
2026-03-16T13:15:54.571Z [DEBUG] [Lingo.dev] [BUSY] Server is now busy (1 active)
2026-03-16T13:15:54.662Z [INFO] [Lingo.dev] 🔄 Translating 2 hashes to en
2026-03-16T13:15:54.783Z [DEBUG] [Lingo.dev] 🔄 Hashes: bcd6c4434eb0, 8527ac14fb2e
2026-03-16T13:15:54.884Z [INFO] [Lingo.dev] 📥 Received: POST /translations/en
2026-03-16T13:15:54.947Z [INFO] [Lingo.dev] 🔄 Processing: POST /translations/en
2026-03-16T13:15:55.058Z [DEBUG] [Lingo.dev] POST /translations/en
2026-03-16T13:15:55.172Z [DEBUG] [Lingo.dev] Reading request body...
2026-03-16T13:15:55.282Z [DEBUG] [Lingo.dev] Chunk read, body: {"hashes":["0ca2409cb5e7","890adbc3b23e","eccfd7423db9","8309d9f248bf","519a6b7b3462","c75278194643","8ba6d9af58a0","b47090379328","96413029250f","b186bc17dc00","245a3ceb3118","a8a5fa634d3e","c30faff3dceb","3e0500dcdd8c","8f91c05244d3","0ca2409cb5e7","ebe764dc8e6b","9b8b182a9d82","a2524633a169","1792b4716253"]}
2026-03-16T13:15:55.341Z [DEBUG] [Lingo.dev] Parsed hashes: 0ca2409cb5e7,890adbc3b23e,eccfd7423db9,8309d9f248bf,519a6b7b3462,c75278194643,8ba6d9af58a0,b47090379328,96413029250f,b186bc17dc00,245a3ceb3118,a8a5fa634d3e,c30faff3dceb,3e0500dcdd8c,8f91c05244d3,0ca2409cb5e7,ebe764dc8e6b,9b8b182a9d82,a2524633a169,1792b4716253
2026-03-16T13:15:55.756Z [DEBUG] [Lingo.dev] Reloaded metadata: 21 entries
2026-03-16T13:15:55.990Z [INFO] [Lingo.dev] 🔄 Translating 20 hashes to en
2026-03-16T13:15:56.147Z [DEBUG] [Lingo.dev] 🔄 Hashes: 0ca2409cb5e7, 890adbc3b23e, eccfd7423db9, 8309d9f248bf, 519a6b7b3462, c75278194643, 8ba6d9af58a0, b47090379328, 96413029250f, b186bc17dc00, 245a3ceb3118, a8a5fa634d3e, c30faff3dceb, 3e0500dcdd8c, 8f91c05244d3, 0ca2409cb5e7, ebe764dc8e6b, 9b8b182a9d82, a2524633a169, 1792b4716253
2026-03-16T13:15:56.204Z [DEBUG] [Lingo.dev] [IDLE] Server is now idle
2026-03-16T13:15:56.352Z [DEBUG] [Lingo.dev] WebSocket client connected. Total clients: 1
2026-03-16T13:16:53.622Z [INFO] [Lingo.dev] 📥 Received: POST /translations/en
2026-03-16T13:16:53.812Z [INFO] [Lingo.dev] 🔄 Processing: POST /translations/en
2026-03-16T13:16:54.401Z [DEBUG] [Lingo.dev] POST /translations/en
2026-03-16T13:16:54.583Z [DEBUG] [Lingo.dev] Reading request body...
2026-03-16T13:16:54.868Z [DEBUG] [Lingo.dev] Chunk read, body: {"hashes":["0ca2409cb5e7","890adbc3b23e","eccfd7423db9","8309d9f248bf","519a6b7b3462","c75278194643","8ba6d9af58a0","b47090379328","96413029250f","b186bc17dc00","245a3ceb3118","a8a5fa634d3e","c30faff3dceb","3e0500dcdd8c","8f91c05244d3","0ca2409cb5e7","ebe764dc8e6b","9b8b182a9d82","a2524633a169","1792b4716253"]}
2026-03-16T13:16:55.064Z [DEBUG] [Lingo.dev] Parsed hashes: 0ca2409cb5e7,890adbc3b23e,eccfd7423db9,8309d9f248bf,519a6b7b3462,c75278194643,8ba6d9af58a0,b47090379328,96413029250f,b186bc17dc00,245a3ceb3118,a8a5fa634d3e,c30faff3dceb,3e0500dcdd8c,8f91c05244d3,0ca2409cb5e7,ebe764dc8e6b,9b8b182a9d82,a2524633a169,1792b4716253
2026-03-16T13:16:55.254Z [DEBUG] [Lingo.dev] Reloaded metadata: 23 entries
2026-03-16T13:16:55.485Z [INFO] [Lingo.dev] 🔄 Translating 20 hashes to en
2026-03-16T13:16:55.568Z [DEBUG] [Lingo.dev] 🔄 Hashes: 0ca2409cb5e7, 890adbc3b23e, eccfd7423db9, 8309d9f248bf, 519a6b7b3462, c75278194643, 8ba6d9af58a0, b47090379328, 96413029250f, b186bc17dc00, 245a3ceb3118, a8a5fa634d3e, c30faff3dceb, 3e0500dcdd8c, 8f91c05244d3, 0ca2409cb5e7, ebe764dc8e6b, 9b8b182a9d82, a2524633a169, 1792b4716253
2026-03-16T13:16:55.722Z [DEBUG] [Lingo.dev] [BUSY] Server is now busy (1 active)
2026-03-16T13:16:56.021Z [INFO] [Lingo.dev] 📥 Received: POST /translations/en
2026-03-16T13:16:56.159Z [INFO] [Lingo.dev] 🔄 Processing: POST /translations/en
2026-03-16T13:16:56.347Z [DEBUG] [Lingo.dev] POST /translations/en
2026-03-16T13:16:56.540Z [DEBUG] [Lingo.dev] Reading request body...
2026-03-16T13:16:56.622Z [DEBUG] [Lingo.dev] Chunk read, body: {"hashes":["bcd6c4434eb0","8527ac14fb2e"]}
2026-03-16T13:16:56.672Z [DEBUG] [Lingo.dev] Parsed hashes: bcd6c4434eb0,8527ac14fb2e
2026-03-16T13:16:56.777Z [DEBUG] [Lingo.dev] Reloaded metadata: 23 entries
2026-03-16T13:16:56.855Z [INFO] [Lingo.dev] 🔄 Translating 2 hashes to en
2026-03-16T13:16:57.021Z [DEBUG] [Lingo.dev] 🔄 Hashes: bcd6c4434eb0, 8527ac14fb2e
2026-03-16T13:16:57.171Z [INFO] [Lingo.dev] 📥 Received: POST /translations/en
2026-03-16T13:16:57.365Z [INFO] [Lingo.dev] 🔄 Processing: POST /translations/en
2026-03-16T13:16:57.403Z [DEBUG] [Lingo.dev] POST /translations/en
2026-03-16T13:16:57.495Z [DEBUG] [Lingo.dev] Reading request body...
2026-03-16T13:16:57.575Z [DEBUG] [Lingo.dev] Chunk read, body: {"hashes":["0ca2409cb5e7","890adbc3b23e","eccfd7423db9","8309d9f248bf","519a6b7b3462","c75278194643","8ba6d9af58a0","b47090379328","96413029250f","b186bc17dc00","245a3ceb3118","a8a5fa634d3e","c30faff3dceb","3e0500dcdd8c","8f91c05244d3","0ca2409cb5e7","ebe764dc8e6b","9b8b182a9d82","a2524633a169","1792b4716253"]}
2026-03-16T13:16:57.659Z [DEBUG] [Lingo.dev] Parsed hashes: 0ca2409cb5e7,890adbc3b23e,eccfd7423db9,8309d9f248bf,519a6b7b3462,c75278194643,8ba6d9af58a0,b47090379328,96413029250f,b186bc17dc00,245a3ceb3118,a8a5fa634d3e,c30faff3dceb,3e0500dcdd8c,8f91c05244d3,0ca2409cb5e7,ebe764dc8e6b,9b8b182a9d82,a2524633a169,1792b4716253
2026-03-16T13:16:57.685Z [DEBUG] [Lingo.dev] Reloaded metadata: 23 entries
2026-03-16T13:16:57.716Z [INFO] [Lingo.dev] 🔄 Translating 20 hashes to en
2026-03-16T13:16:57.747Z [DEBUG] [Lingo.dev] 🔄 Hashes: 0ca2409cb5e7, 890adbc3b23e, eccfd7423db9, 8309d9f248bf, 519a6b7b3462, c75278194643, 8ba6d9af58a0, b47090379328, 96413029250f, b186bc17dc00, 245a3ceb3118, a8a5fa634d3e, c30faff3dceb, 3e0500dcdd8c, 8f91c05244d3, 0ca2409cb5e7, ebe764dc8e6b, 9b8b182a9d82, a2524633a169, 1792b4716253
2026-03-16T13:16:57.761Z [DEBUG] [Lingo.dev] WebSocket client disconnected. Total clients: 0
2026-03-16T13:16:57.868Z [DEBUG] [Lingo.dev] [IDLE] Server is now idle
2026-03-16T13:16:57.900Z [DEBUG] [Lingo.dev] WebSocket client connected. Total clients: 1
2026-03-16T13:17:09.821Z [INFO] [Lingo.dev] 📥 Received: POST /translations/en
2026-03-16T13:17:09.945Z [INFO] [Lingo.dev] 🔄 Processing: POST /translations/en
2026-03-16T13:17:10.722Z [DEBUG] [Lingo.dev] POST /translations/en
2026-03-16T13:17:10.862Z [DEBUG] [Lingo.dev] Reading request body...
2026-03-16T13:17:11.301Z [DEBUG] [Lingo.dev] Chunk read, body: {"hashes":["bcd6c4434eb0","8527ac14fb2e"]}
2026-03-16T13:17:11.603Z [DEBUG] [Lingo.dev] Parsed hashes: bcd6c4434eb0,8527ac14fb2e
2026-03-16T13:17:11.831Z [DEBUG] [Lingo.dev] Reloaded metadata: 23 entries
2026-03-16T13:17:12.028Z [INFO] [Lingo.dev] 🔄 Translating 2 hashes to en
2026-03-16T13:17:12.191Z [DEBUG] [Lingo.dev] 🔄 Hashes: bcd6c4434eb0, 8527ac14fb2e
2026-03-16T13:17:12.446Z [DEBUG] [Lingo.dev] [BUSY] Server is now busy (1 active)
2026-03-16T13:17:12.570Z [INFO] [Lingo.dev] 📥 Received: POST /translations/en
2026-03-16T13:17:12.700Z [INFO] [Lingo.dev] 🔄 Processing: POST /translations/en
2026-03-16T13:17:12.969Z [DEBUG] [Lingo.dev] POST /translations/en
2026-03-16T13:17:13.312Z [DEBUG] [Lingo.dev] Reading request body...
2026-03-16T13:17:13.606Z [DEBUG] [Lingo.dev] Chunk read, body: {"hashes":["0ca2409cb5e7","890adbc3b23e","eccfd7423db9","8309d9f248bf","519a6b7b3462","c75278194643","8ba6d9af58a0","b47090379328","96413029250f","b186bc17dc00","245a3ceb3118","a8a5fa634d3e","c30faff3dceb","3e0500dcdd8c","8f91c05244d3","0ca2409cb5e7","ebe764dc8e6b","9b8b182a9d82","a2524633a169","1792b4716253"]}
2026-03-16T13:17:13.805Z [DEBUG] [Lingo.dev] Parsed hashes: 0ca2409cb5e7,890adbc3b23e,eccfd7423db9,8309d9f248bf,519a6b7b3462,c75278194643,8ba6d9af58a0,b47090379328,96413029250f,b186bc17dc00,245a3ceb3118,a8a5fa634d3e,c30faff3dceb,3e0500dcdd8c,8f91c05244d3,0ca2409cb5e7,ebe764dc8e6b,9b8b182a9d82,a2524633a169,1792b4716253
2026-03-16T13:17:13.844Z [DEBUG] [Lingo.dev] Reloaded metadata: 23 entries
2026-03-16T13:17:14.083Z [INFO] [Lingo.dev] 🔄 Translating 20 hashes to en
2026-03-16T13:17:14.190Z [DEBUG] [Lingo.dev] 🔄 Hashes: 0ca2409cb5e7, 890adbc3b23e, eccfd7423db9, 8309d9f248bf, 519a6b7b3462, c75278194643, 8ba6d9af58a0, b47090379328, 96413029250f, b186bc17dc00, 245a3ceb3118, a8a5fa634d3e, c30faff3dceb, 3e0500dcdd8c, 8f91c05244d3, 0ca2409cb5e7, ebe764dc8e6b, 9b8b182a9d82, a2524633a169, 1792b4716253
2026-03-16T13:17:14.264Z [INFO] [Lingo.dev] 📥 Received: POST /translations/en
2026-03-16T13:17:14.353Z [INFO] [Lingo.dev] 🔄 Processing: POST /translations/en
2026-03-16T13:17:14.421Z [DEBUG] [Lingo.dev] POST /translations/en
2026-03-16T13:17:14.537Z [DEBUG] [Lingo.dev] Reading request body...
2026-03-16T13:17:14.588Z [DEBUG] [Lingo.dev] Chunk read, body: {"hashes":["0ca2409cb5e7","890adbc3b23e","eccfd7423db9","8309d9f248bf","519a6b7b3462","c75278194643","8ba6d9af58a0","b47090379328","96413029250f","b186bc17dc00","245a3ceb3118","a8a5fa634d3e","c30faff3dceb","3e0500dcdd8c","8f91c05244d3","0ca2409cb5e7","ebe764dc8e6b","9b8b182a9d82","a2524633a169","1792b4716253"]}
2026-03-16T13:17:14.675Z [DEBUG] [Lingo.dev] Parsed hashes: 0ca2409cb5e7,890adbc3b23e,eccfd7423db9,8309d9f248bf,519a6b7b3462,c75278194643,8ba6d9af58a0,b47090379328,96413029250f,b186bc17dc00,245a3ceb3118,a8a5fa634d3e,c30faff3dceb,3e0500dcdd8c,8f91c05244d3,0ca2409cb5e7,ebe764dc8e6b,9b8b182a9d82,a2524633a169,1792b4716253
2026-03-16T13:17:14.792Z [DEBUG] [Lingo.dev] Reloaded metadata: 23 entries
2026-03-16T13:17:14.897Z [INFO] [Lingo.dev] 🔄 Translating 20 hashes to en
2026-03-16T13:17:14.993Z [DEBUG] [Lingo.dev] 🔄 Hashes: 0ca2409cb5e7, 890adbc3b23e, eccfd7423db9, 8309d9f248bf, 519a6b7b3462, c75278194643, 8ba6d9af58a0, b47090379328, 96413029250f, b186bc17dc00, 245a3ceb3118, a8a5fa634d3e, c30faff3dceb, 3e0500dcdd8c, 8f91c05244d3, 0ca2409cb5e7, ebe764dc8e6b, 9b8b182a9d82, a2524633a169, 1792b4716253
2026-03-16T13:17:15.040Z [DEBUG] [Lingo.dev] WebSocket client disconnected. Total clients: 0
2026-03-16T13:17:15.099Z [DEBUG] [Lingo.dev] [IDLE] Server is now idle
2026-03-16T13:17:15.191Z [DEBUG] [Lingo.dev] WebSocket client connected. Total clients: 1
2026-03-16T13:19:43.943Z [INFO] [Lingo.dev] 📥 Received: POST /translations/en
2026-03-16T13:19:44.165Z [INFO] [Lingo.dev] 🔄 Processing: POST /translations/en
2026-03-16T13:19:44.503Z [DEBUG] [Lingo.dev] POST /translations/en
2026-03-16T13:19:44.645Z [DEBUG] [Lingo.dev] Reading request body...
2026-03-16T13:19:44.748Z [DEBUG] [Lingo.dev] Chunk read, body: {"hashes":["0ca2409cb5e7","890adbc3b23e","eccfd7423db9","8309d9f248bf","519a6b7b3462","c75278194643","8ba6d9af58a0","b47090379328","96413029250f","b186bc17dc00","245a3ceb3118","a8a5fa634d3e","c30faff3dceb","3e0500dcdd8c","8f91c05244d3","0ca2409cb5e7","ebe764dc8e6b","9b8b182a9d82","a2524633a169","1792b4716253"]}
2026-03-16T13:19:44.845Z [DEBUG] [Lingo.dev] Parsed hashes: 0ca2409cb5e7,890adbc3b23e,eccfd7423db9,8309d9f248bf,519a6b7b3462,c75278194643,8ba6d9af58a0,b47090379328,96413029250f,b186bc17dc00,245a3ceb3118,a8a5fa634d3e,c30faff3dceb,3e0500dcdd8c,8f91c05244d3,0ca2409cb5e7,ebe764dc8e6b,9b8b182a9d82,a2524633a169,1792b4716253
2026-03-16T13:19:45.156Z [DEBUG] [Lingo.dev] Reloaded metadata: 23 entries
2026-03-16T13:19:45.185Z [INFO] [Lingo.dev] 🔄 Translating 20 hashes to en
2026-03-16T13:19:45.272Z [DEBUG] [Lingo.dev] 🔄 Hashes: 0ca2409cb5e7, 890adbc3b23e, eccfd7423db9, 8309d9f248bf, 519a6b7b3462, c75278194643, 8ba6d9af58a0, b47090379328, 96413029250f, b186bc17dc00, 245a3ceb3118, a8a5fa634d3e, c30faff3dceb, 3e0500dcdd8c, 8f91c05244d3, 0ca2409cb5e7, ebe764dc8e6b, 9b8b182a9d82, a2524633a169, 1792b4716253
2026-03-16T13:19:45.466Z [DEBUG] [Lingo.dev] [BUSY] Server is now busy (1 active)
2026-03-16T13:19:45.489Z [INFO] [Lingo.dev] 📥 Received: POST /translations/en
2026-03-16T13:19:45.504Z [INFO] [Lingo.dev] 🔄 Processing: POST /translations/en
2026-03-16T13:19:45.533Z [DEBUG] [Lingo.dev] POST /translations/en
2026-03-16T13:19:45.554Z [DEBUG] [Lingo.dev] Reading request body...
2026-03-16T13:19:45.565Z [DEBUG] [Lingo.dev] Chunk read, body: {"hashes":["bcd6c4434eb0","8527ac14fb2e"]}
2026-03-16T13:19:45.578Z [DEBUG] [Lingo.dev] Parsed hashes: bcd6c4434eb0,8527ac14fb2e
2026-03-16T13:19:45.595Z [DEBUG] [Lingo.dev] Reloaded metadata: 23 entries
2026-03-16T13:19:45.627Z [INFO] [Lingo.dev] 🔄 Translating 2 hashes to en
2026-03-16T13:19:45.850Z [DEBUG] [Lingo.dev] 🔄 Hashes: bcd6c4434eb0, 8527ac14fb2e
2026-03-16T13:19:46.030Z [INFO] [Lingo.dev] 📥 Received: POST /translations/en
2026-03-16T13:19:46.722Z [INFO] [Lingo.dev] 🔄 Processing: POST /translations/en
2026-03-16T13:19:46.764Z [DEBUG] [Lingo.dev] POST /translations/en
2026-03-16T13:19:47.267Z [DEBUG] [Lingo.dev] Reading request body...
2026-03-16T13:19:47.289Z [DEBUG] [Lingo.dev] Chunk read, body: {"hashes":["0ca2409cb5e7","890adbc3b23e","eccfd7423db9","8309d9f248bf","519a6b7b3462","c75278194643","8ba6d9af58a0","b47090379328","96413029250f","b186bc17dc00","245a3ceb3118","a8a5fa634d3e","c30faff3dceb","3e0500dcdd8c","8f91c05244d3","0ca2409cb5e7","ebe764dc8e6b","9b8b182a9d82","a2524633a169","1792b4716253"]}
2026-03-16T13:19:47.324Z [DEBUG] [Lingo.dev] Parsed hashes: 0ca2409cb5e7,890adbc3b23e,eccfd7423db9,8309d9f248bf,519a6b7b3462,c75278194643,8ba6d9af58a0,b47090379328,96413029250f,b186bc17dc00,245a3ceb3118,a8a5fa634d3e,c30faff3dceb,3e0500dcdd8c,8f91c05244d3,0ca2409cb5e7,ebe764dc8e6b,9b8b182a9d82,a2524633a169,1792b4716253
2026-03-16T13:19:47.818Z [DEBUG] [Lingo.dev] Reloaded metadata: 23 entries
2026-03-16T13:19:48.184Z [INFO] [Lingo.dev] 🔄 Translating 20 hashes to en
2026-03-16T13:19:48.335Z [DEBUG] [Lingo.dev] 🔄 Hashes: 0ca2409cb5e7, 890adbc3b23e, eccfd7423db9, 8309d9f248bf, 519a6b7b3462, c75278194643, 8ba6d9af58a0, b47090379328, 96413029250f, b186bc17dc00, 245a3ceb3118, a8a5fa634d3e, c30faff3dceb, 3e0500dcdd8c, 8f91c05244d3, 0ca2409cb5e7, ebe764dc8e6b, 9b8b182a9d82, a2524633a169, 1792b4716253
2026-03-16T13:19:48.635Z [DEBUG] [Lingo.dev] [IDLE] Server is now idle
2026-03-16T13:19:48.941Z [DEBUG] [Lingo.dev] WebSocket client disconnected. Total clients: 0
2026-03-16T13:19:53.018Z [DEBUG] [Lingo.dev] WebSocket client connected. Total clients: 1
2026-03-16T13:21:18.688Z [INFO] [Lingo.dev] 📥 Received: POST /translations/en
2026-03-16T13:21:18.951Z [INFO] [Lingo.dev] 🔄 Processing: POST /translations/en
2026-03-16T13:21:19.792Z [DEBUG] [Lingo.dev] POST /translations/en
2026-03-16T13:21:19.957Z [DEBUG] [Lingo.dev] Reading request body...
2026-03-16T13:21:20.130Z [DEBUG] [Lingo.dev] Chunk read, body: {"hashes":["0ca2409cb5e7","890adbc3b23e","eccfd7423db9","8309d9f248bf","519a6b7b3462","c75278194643","8ba6d9af58a0","b47090379328","96413029250f","b186bc17dc00","245a3ceb3118","a8a5fa634d3e","c30faff3dceb","3e0500dcdd8c","8f91c05244d3","0ca2409cb5e7","ebe764dc8e6b","9b8b182a9d82","a2524633a169","1792b4716253"]}
2026-03-16T13:21:20.187Z [DEBUG] [Lingo.dev] Parsed hashes: 0ca2409cb5e7,890adbc3b23e,eccfd7423db9,8309d9f248bf,519a6b7b3462,c75278194643,8ba6d9af58a0,b47090379328,96413029250f,b186bc17dc00,245a3ceb3118,a8a5fa634d3e,c30faff3dceb,3e0500dcdd8c,8f91c05244d3,0ca2409cb5e7,ebe764dc8e6b,9b8b182a9d82,a2524633a169,1792b4716253
2026-03-16T13:21:20.365Z [DEBUG] [Lingo.dev] Reloaded metadata: 23 entries
2026-03-16T13:21:20.606Z [INFO] [Lingo.dev] 🔄 Translating 20 hashes to en
2026-03-16T13:21:21.013Z [DEBUG] [Lingo.dev] 🔄 Hashes: 0ca2409cb5e7, 890adbc3b23e, eccfd7423db9, 8309d9f248bf, 519a6b7b3462, c75278194643, 8ba6d9af58a0, b47090379328, 96413029250f, b186bc17dc00, 245a3ceb3118, a8a5fa634d3e, c30faff3dceb, 3e0500dcdd8c, 8f91c05244d3, 0ca2409cb5e7, ebe764dc8e6b, 9b8b182a9d82, a2524633a169, 1792b4716253
2026-03-16T13:21:21.140Z [DEBUG] [Lingo.dev] [BUSY] Server is now busy (1 active)
2026-03-16T13:21:21.234Z [INFO] [Lingo.dev] 📥 Received: POST /translations/en
2026-03-16T13:21:21.691Z [INFO] [Lingo.dev] 🔄 Processing: POST /translations/en
2026-03-16T13:21:21.826Z [DEBUG] [Lingo.dev] POST /translations/en
2026-03-16T13:21:22.046Z [DEBUG] [Lingo.dev] Reading request body...
2026-03-16T13:21:22.135Z [DEBUG] [Lingo.dev] Chunk read, body: {"hashes":["bcd6c4434eb0","8527ac14fb2e"]}
2026-03-16T13:21:22.292Z [DEBUG] [Lingo.dev] Parsed hashes: bcd6c4434eb0,8527ac14fb2e
2026-03-16T13:21:22.664Z [DEBUG] [Lingo.dev] Reloaded metadata: 23 entries
2026-03-16T13:21:22.768Z [INFO] [Lingo.dev] 🔄 Translating 2 hashes to en
2026-03-16T13:21:22.862Z [DEBUG] [Lingo.dev] 🔄 Hashes: bcd6c4434eb0, 8527ac14fb2e
2026-03-16T13:21:22.990Z [INFO] [Lingo.dev] 📥 Received: POST /translations/en
2026-03-16T13:21:23.046Z [INFO] [Lingo.dev] 🔄 Processing: POST /translations/en
2026-03-16T13:21:23.149Z [DEBUG] [Lingo.dev] POST /translations/en
2026-03-16T13:21:23.188Z [DEBUG] [Lingo.dev] Reading request body...
2026-03-16T13:21:23.203Z [DEBUG] [Lingo.dev] Chunk read, body: {"hashes":["0ca2409cb5e7","890adbc3b23e","eccfd7423db9","8309d9f248bf","519a6b7b3462","c75278194643","8ba6d9af58a0","b47090379328","96413029250f","b186bc17dc00","245a3ceb3118","a8a5fa634d3e","c30faff3dceb","3e0500dcdd8c","8f91c05244d3","0ca2409cb5e7","ebe764dc8e6b","9b8b182a9d82","a2524633a169","1792b4716253"]}
2026-03-16T13:21:23.236Z [DEBUG] [Lingo.dev] Parsed hashes: 0ca2409cb5e7,890adbc3b23e,eccfd7423db9,8309d9f248bf,519a6b7b3462,c75278194643,8ba6d9af58a0,b47090379328,96413029250f,b186bc17dc00,245a3ceb3118,a8a5fa634d3e,c30faff3dceb,3e0500dcdd8c,8f91c05244d3,0ca2409cb5e7,ebe764dc8e6b,9b8b182a9d82,a2524633a169,1792b4716253
2026-03-16T13:21:23.278Z [DEBUG] [Lingo.dev] Reloaded metadata: 23 entries
2026-03-16T13:21:23.297Z [INFO] [Lingo.dev] 🔄 Translating 20 hashes to en
2026-03-16T13:21:23.333Z [DEBUG] [Lingo.dev] 🔄 Hashes: 0ca2409cb5e7, 890adbc3b23e, eccfd7423db9, 8309d9f248bf, 519a6b7b3462, c75278194643, 8ba6d9af58a0, b47090379328, 96413029250f, b186bc17dc00, 245a3ceb3118, a8a5fa634d3e, c30faff3dceb, 3e0500dcdd8c, 8f91c05244d3, 0ca2409cb5e7, ebe764dc8e6b, 9b8b182a9d82, a2524633a169, 1792b4716253
2026-03-16T13:21:23.378Z [DEBUG] [Lingo.dev] WebSocket client disconnected. Total clients: 0
2026-03-16T13:21:23.408Z [DEBUG] [Lingo.dev] [IDLE] Server is now idle
2026-03-16T13:21:23.461Z [DEBUG] [Lingo.dev] WebSocket client connected. Total clients: 1
2026-03-16T13:27:13.922Z [INFO] [Lingo.dev] Port 60000 is available, starting new server...
2026-03-16T13:27:15.207Z [INFO] [Lingo.dev] 🔧 Initializing translator...
2026-03-16T13:27:15.270Z [DEBUG] [Lingo.dev] Starting translation server on port 60000
2026-03-16T13:27:15.271Z [INFO] [Lingo.dev] Translation server listening on http://127.0.0.1:60000
2026-03-16T13:27:15.280Z [INFO] [Lingo.dev] WebSocket server initialized
2026-03-16T13:27:18.108Z [DEBUG] [Lingo.dev] WebSocket client connected. Total clients: 1
2026-03-16T13:27:26.264Z [INFO] [Lingo.dev] 📥 Received: POST /translations/en
2026-03-16T13:27:26.315Z [INFO] [Lingo.dev] 🔄 Processing: POST /translations/en
2026-03-16T13:27:26.341Z [DEBUG] [Lingo.dev] POST /translations/en
2026-03-16T13:27:26.392Z [DEBUG] [Lingo.dev] Reading request body...
2026-03-16T13:27:26.413Z [DEBUG] [Lingo.dev] Chunk read, body: {"hashes":["0ca2409cb5e7","890adbc3b23e","eccfd7423db9","8309d9f248bf","519a6b7b3462","c75278194643","8ba6d9af58a0","b47090379328","96413029250f","b186bc17dc00","245a3ceb3118","a8a5fa634d3e","c30faff3dceb","3e0500dcdd8c","8f91c05244d3","0ca2409cb5e7","ebe764dc8e6b","9b8b182a9d82","a2524633a169","1792b4716253"]}
2026-03-16T13:27:26.690Z [DEBUG] [Lingo.dev] Parsed hashes: 0ca2409cb5e7,890adbc3b23e,eccfd7423db9,8309d9f248bf,519a6b7b3462,c75278194643,8ba6d9af58a0,b47090379328,96413029250f,b186bc17dc00,245a3ceb3118,a8a5fa634d3e,c30faff3dceb,3e0500dcdd8c,8f91c05244d3,0ca2409cb5e7,ebe764dc8e6b,9b8b182a9d82,a2524633a169,1792b4716253
2026-03-16T13:27:27.189Z [INFO] [Lingo.dev] 📥 Received: POST /translations/en
2026-03-16T13:27:27.369Z [INFO] [Lingo.dev] 🔄 Processing: POST /translations/en
2026-03-16T13:27:27.498Z [DEBUG] [Lingo.dev] POST /translations/en
2026-03-16T13:27:27.532Z [DEBUG] [Lingo.dev] Reading request body...
2026-03-16T13:27:27.570Z [DEBUG] [Lingo.dev] Chunk read, body: {"hashes":["bcd6c4434eb0","8527ac14fb2e"]}
2026-03-16T13:27:27.598Z [DEBUG] [Lingo.dev] Parsed hashes: bcd6c4434eb0,8527ac14fb2e
2026-03-16T13:27:27.616Z [DEBUG] [Lingo.dev] Reloaded metadata: 23 entries
2026-03-16T13:27:27.650Z [DEBUG] [Lingo.dev] Reloaded metadata: 23 entries
2026-03-16T13:27:27.674Z [INFO] [Lingo.dev] 🔄 Translating 20 hashes to en
2026-03-16T13:27:27.706Z [DEBUG] [Lingo.dev] 🔄 Hashes: 0ca2409cb5e7, 890adbc3b23e, eccfd7423db9, 8309d9f248bf, 519a6b7b3462, c75278194643, 8ba6d9af58a0, b47090379328, 96413029250f, b186bc17dc00, 245a3ceb3118, a8a5fa634d3e, c30faff3dceb, 3e0500dcdd8c, 8f91c05244d3, 0ca2409cb5e7, ebe764dc8e6b, 9b8b182a9d82, a2524633a169, 1792b4716253
2026-03-16T13:27:27.745Z [DEBUG] [Lingo.dev] [BUSY] Server is now busy (1 active)
2026-03-16T13:27:27.760Z [INFO] [Lingo.dev] 🔄 Translating 2 hashes to en
2026-03-16T13:27:27.792Z [DEBUG] [Lingo.dev] 🔄 Hashes: bcd6c4434eb0, 8527ac14fb2e
2026-03-16T13:27:27.845Z [INFO] [Lingo.dev] 📥 Received: POST /translations/en
2026-03-16T13:27:27.876Z [INFO] [Lingo.dev] 🔄 Processing: POST /translations/en
2026-03-16T13:27:27.926Z [DEBUG] [Lingo.dev] POST /translations/en
2026-03-16T13:27:27.933Z [DEBUG] [Lingo.dev] Reading request body...
2026-03-16T13:27:27.967Z [DEBUG] [Lingo.dev] Chunk read, body: {"hashes":["0ca2409cb5e7","890adbc3b23e","eccfd7423db9","8309d9f248bf","519a6b7b3462","c75278194643","8ba6d9af58a0","b47090379328","96413029250f","b186bc17dc00","245a3ceb3118","a8a5fa634d3e","c30faff3dceb","3e0500dcdd8c","8f91c05244d3","0ca2409cb5e7","ebe764dc8e6b","9b8b182a9d82","a2524633a169","1792b4716253"]}
2026-03-16T13:27:28.027Z [DEBUG] [Lingo.dev] Parsed hashes: 0ca2409cb5e7,890adbc3b23e,eccfd7423db9,8309d9f248bf,519a6b7b3462,c75278194643,8ba6d9af58a0,b47090379328,96413029250f,b186bc17dc00,245a3ceb3118,a8a5fa634d3e,c30faff3dceb,3e0500dcdd8c,8f91c05244d3,0ca2409cb5e7,ebe764dc8e6b,9b8b182a9d82,a2524633a169,1792b4716253
2026-03-16T13:27:28.079Z [DEBUG] [Lingo.dev] Reloaded metadata: 23 entries
2026-03-16T13:27:28.147Z [INFO] [Lingo.dev] 🔄 Translating 20 hashes to en
2026-03-16T13:27:28.210Z [DEBUG] [Lingo.dev] 🔄 Hashes: 0ca2409cb5e7, 890adbc3b23e, eccfd7423db9, 8309d9f248bf, 519a6b7b3462, c75278194643, 8ba6d9af58a0, b47090379328, 96413029250f, b186bc17dc00, 245a3ceb3118, a8a5fa634d3e, c30faff3dceb, 3e0500dcdd8c, 8f91c05244d3, 0ca2409cb5e7, ebe764dc8e6b, 9b8b182a9d82, a2524633a169, 1792b4716253
2026-03-16T13:27:28.251Z [DEBUG] [Lingo.dev] WebSocket client disconnected. Total clients: 0
2026-03-16T13:27:28.276Z [DEBUG] [Lingo.dev] [IDLE] Server is now idle
2026-03-16T13:27:30.028Z [DEBUG] [Lingo.dev] WebSocket client connected. Total clients: 1
2026-03-16T13:29:23.815Z [INFO] [Lingo.dev] Port 60000 is available, starting new server...
2026-03-16T13:29:24.726Z [INFO] [Lingo.dev] 🔧 Initializing translator...
2026-03-16T13:29:24.771Z [DEBUG] [Lingo.dev] Starting translation server on port 60000
2026-03-16T13:29:24.773Z [INFO] [Lingo.dev] Translation server listening on http://127.0.0.1:60000
2026-03-16T13:29:24.774Z [INFO] [Lingo.dev] WebSocket server initialized
2026-03-16T13:29:32.685Z [INFO] [Lingo.dev] 📥 Received: POST /translations/en
2026-03-16T13:29:32.718Z [INFO] [Lingo.dev] 🔄 Processing: POST /translations/en
2026-03-16T13:29:32.730Z [DEBUG] [Lingo.dev] POST /translations/en
2026-03-16T13:29:32.789Z [DEBUG] [Lingo.dev] Reading request body...
2026-03-16T13:29:32.900Z [DEBUG] [Lingo.dev] Chunk read, body: {"hashes":["0ca2409cb5e7","890adbc3b23e","eccfd7423db9","8309d9f248bf","519a6b7b3462","c75278194643","8ba6d9af58a0","b47090379328","96413029250f","b186bc17dc00","245a3ceb3118","a8a5fa634d3e","c30faff3dceb","3e0500dcdd8c","8f91c05244d3","0ca2409cb5e7","ebe764dc8e6b","9b8b182a9d82","a2524633a169","1792b4716253"]}
2026-03-16T13:29:33.345Z [DEBUG] [Lingo.dev] Parsed hashes: 0ca2409cb5e7,890adbc3b23e,eccfd7423db9,8309d9f248bf,519a6b7b3462,c75278194643,8ba6d9af58a0,b47090379328,96413029250f,b186bc17dc00,245a3ceb3118,a8a5fa634d3e,c30faff3dceb,3e0500dcdd8c,8f91c05244d3,0ca2409cb5e7,ebe764dc8e6b,9b8b182a9d82,a2524633a169,1792b4716253
2026-03-16T13:29:33.614Z [INFO] [Lingo.dev] 📥 Received: POST /translations/en
2026-03-16T13:29:33.745Z [INFO] [Lingo.dev] 🔄 Processing: POST /translations/en
2026-03-16T13:29:33.798Z [DEBUG] [Lingo.dev] POST /translations/en
2026-03-16T13:29:33.823Z [DEBUG] [Lingo.dev] Reading request body...
2026-03-16T13:29:33.853Z [DEBUG] [Lingo.dev] Chunk read, body: {"hashes":["bcd6c4434eb0","8527ac14fb2e"]}
2026-03-16T13:29:33.913Z [DEBUG] [Lingo.dev] Parsed hashes: bcd6c4434eb0,8527ac14fb2e
2026-03-16T13:29:33.938Z [DEBUG] [Lingo.dev] Reloaded metadata: 2 entries
2026-03-16T13:29:33.962Z [DEBUG] [Lingo.dev] Reloaded metadata: 2 entries
2026-03-16T13:29:33.990Z [INFO] [Lingo.dev] 🔄 Translating 20 hashes to en
2026-03-16T13:29:34.035Z [DEBUG] [Lingo.dev] 🔄 Hashes: 0ca2409cb5e7, 890adbc3b23e, eccfd7423db9, 8309d9f248bf, 519a6b7b3462, c75278194643, 8ba6d9af58a0, b47090379328, 96413029250f, b186bc17dc00, 245a3ceb3118, a8a5fa634d3e, c30faff3dceb, 3e0500dcdd8c, 8f91c05244d3, 0ca2409cb5e7, ebe764dc8e6b, 9b8b182a9d82, a2524633a169, 1792b4716253
2026-03-16T13:29:34.054Z [DEBUG] [Lingo.dev] [BUSY] Server is now busy (1 active)
2026-03-16T13:29:34.088Z [INFO] [Lingo.dev] 🔄 Translating 2 hashes to en
2026-03-16T13:29:34.126Z [DEBUG] [Lingo.dev] 🔄 Hashes: bcd6c4434eb0, 8527ac14fb2e
2026-03-16T13:29:34.210Z [INFO] [Lingo.dev] 📥 Received: POST /translations/en
2026-03-16T13:29:34.248Z [INFO] [Lingo.dev] 🔄 Processing: POST /translations/en
2026-03-16T13:29:34.301Z [DEBUG] [Lingo.dev] POST /translations/en
2026-03-16T13:29:34.346Z [DEBUG] [Lingo.dev] Reading request body...
2026-03-16T13:29:34.380Z [DEBUG] [Lingo.dev] Chunk read, body: {"hashes":["0ca2409cb5e7","890adbc3b23e","eccfd7423db9","8309d9f248bf","519a6b7b3462","c75278194643","8ba6d9af58a0","b47090379328","96413029250f","b186bc17dc00","245a3ceb3118","a8a5fa634d3e","c30faff3dceb","3e0500dcdd8c","8f91c05244d3","0ca2409cb5e7","ebe764dc8e6b","9b8b182a9d82","a2524633a169","1792b4716253"]}
2026-03-16T13:29:34.423Z [DEBUG] [Lingo.dev] Parsed hashes: 0ca2409cb5e7,890adbc3b23e,eccfd7423db9,8309d9f248bf,519a6b7b3462,c75278194643,8ba6d9af58a0,b47090379328,96413029250f,b186bc17dc00,245a3ceb3118,a8a5fa634d3e,c30faff3dceb,3e0500dcdd8c,8f91c05244d3,0ca2409cb5e7,ebe764dc8e6b,9b8b182a9d82,a2524633a169,1792b4716253
2026-03-16T13:29:34.460Z [DEBUG] [Lingo.dev] Reloaded metadata: 2 entries
2026-03-16T13:29:34.490Z [INFO] [Lingo.dev] 🔄 Translating 20 hashes to en
2026-03-16T13:29:34.564Z [DEBUG] [Lingo.dev] 🔄 Hashes: 0ca2409cb5e7, 890adbc3b23e, eccfd7423db9, 8309d9f248bf, 519a6b7b3462, c75278194643, 8ba6d9af58a0, b47090379328, 96413029250f, b186bc17dc00, 245a3ceb3118, a8a5fa634d3e, c30faff3dceb, 3e0500dcdd8c, 8f91c05244d3, 0ca2409cb5e7, ebe764dc8e6b, 9b8b182a9d82, a2524633a169, 1792b4716253
2026-03-16T13:29:34.600Z [DEBUG] [Lingo.dev] [IDLE] Server is now idle
2026-03-16T13:29:35.617Z [DEBUG] [Lingo.dev] WebSocket client connected. Total clients: 1
2026-03-16T13:29:55.579Z [INFO] [Lingo.dev] 📥 Received: POST /translations/en
2026-03-16T13:29:56.499Z [INFO] [Lingo.dev] 🔄 Processing: POST /translations/en
2026-03-16T13:29:56.783Z [DEBUG] [Lingo.dev] POST /translations/en
2026-03-16T13:29:57.027Z [DEBUG] [Lingo.dev] Reading request body...
2026-03-16T13:29:57.091Z [DEBUG] [Lingo.dev] Chunk read, body: {"hashes":["0ca2409cb5e7","890adbc3b23e","eccfd7423db9","8309d9f248bf","519a6b7b3462","c75278194643","8ba6d9af58a0","b47090379328","96413029250f","b186bc17dc00","245a3ceb3118","a8a5fa634d3e","c30faff3dceb","3e0500dcdd8c","8f91c05244d3","0ca2409cb5e7","ebe764dc8e6b","9b8b182a9d82","a2524633a169","1792b4716253"]}
2026-03-16T13:29:57.175Z [DEBUG] [Lingo.dev] Parsed hashes: 0ca2409cb5e7,890adbc3b23e,eccfd7423db9,8309d9f248bf,519a6b7b3462,c75278194643,8ba6d9af58a0,b47090379328,96413029250f,b186bc17dc00,245a3ceb3118,a8a5fa634d3e,c30faff3dceb,3e0500dcdd8c,8f91c05244d3,0ca2409cb5e7,ebe764dc8e6b,9b8b182a9d82,a2524633a169,1792b4716253
2026-03-16T13:29:57.308Z [DEBUG] [Lingo.dev] Reloaded metadata: 2 entries
2026-03-16T13:29:57.438Z [INFO] [Lingo.dev] 🔄 Translating 20 hashes to en
2026-03-16T13:29:57.560Z [DEBUG] [Lingo.dev] 🔄 Hashes: 0ca2409cb5e7, 890adbc3b23e, eccfd7423db9, 8309d9f248bf, 519a6b7b3462, c75278194643, 8ba6d9af58a0, b47090379328, 96413029250f, b186bc17dc00, 245a3ceb3118, a8a5fa634d3e, c30faff3dceb, 3e0500dcdd8c, 8f91c05244d3, 0ca2409cb5e7, ebe764dc8e6b, 9b8b182a9d82, a2524633a169, 1792b4716253
2026-03-16T13:29:57.668Z [DEBUG] [Lingo.dev] [BUSY] Server is now busy (1 active)
2026-03-16T13:29:57.816Z [INFO] [Lingo.dev] 📥 Received: POST /translations/en
2026-03-16T13:29:57.865Z [INFO] [Lingo.dev] 🔄 Processing: POST /translations/en
2026-03-16T13:29:57.949Z [DEBUG] [Lingo.dev] POST /translations/en
2026-03-16T13:29:58.016Z [DEBUG] [Lingo.dev] Reading request body...
2026-03-16T13:29:58.103Z [DEBUG] [Lingo.dev] Chunk read, body: {"hashes":["bcd6c4434eb0","8527ac14fb2e"]}
2026-03-16T13:29:58.266Z [DEBUG] [Lingo.dev] Parsed hashes: bcd6c4434eb0,8527ac14fb2e
2026-03-16T13:29:58.318Z [DEBUG] [Lingo.dev] Reloaded metadata: 2 entries
2026-03-16T13:29:58.368Z [INFO] [Lingo.dev] 🔄 Translating 2 hashes to en
2026-03-16T13:29:58.432Z [DEBUG] [Lingo.dev] 🔄 Hashes: bcd6c4434eb0, 8527ac14fb2e
2026-03-16T13:29:58.460Z [INFO] [Lingo.dev] 📥 Received: POST /translations/en
2026-03-16T13:29:58.564Z [INFO] [Lingo.dev] 🔄 Processing: POST /translations/en
2026-03-16T13:29:58.622Z [DEBUG] [Lingo.dev] POST /translations/en
2026-03-16T13:29:58.865Z [DEBUG] [Lingo.dev] Reading request body...
2026-03-16T13:29:59.077Z [DEBUG] [Lingo.dev] Chunk read, body: {"hashes":["0ca2409cb5e7","890adbc3b23e","eccfd7423db9","8309d9f248bf","519a6b7b3462","c75278194643","8ba6d9af58a0","b47090379328","96413029250f","b186bc17dc00","245a3ceb3118","a8a5fa634d3e","c30faff3dceb","3e0500dcdd8c","8f91c05244d3","0ca2409cb5e7","ebe764dc8e6b","9b8b182a9d82","a2524633a169","1792b4716253"]}
2026-03-16T13:29:59.164Z [DEBUG] [Lingo.dev] Parsed hashes: 0ca2409cb5e7,890adbc3b23e,eccfd7423db9,8309d9f248bf,519a6b7b3462,c75278194643,8ba6d9af58a0,b47090379328,96413029250f,b186bc17dc00,245a3ceb3118,a8a5fa634d3e,c30faff3dceb,3e0500dcdd8c,8f91c05244d3,0ca2409cb5e7,ebe764dc8e6b,9b8b182a9d82,a2524633a169,1792b4716253
2026-03-16T13:29:59.240Z [DEBUG] [Lingo.dev] Reloaded metadata: 2 entries
2026-03-16T13:29:59.297Z [INFO] [Lingo.dev] 🔄 Translating 20 hashes to en
2026-03-16T13:29:59.472Z [DEBUG] [Lingo.dev] 🔄 Hashes: 0ca2409cb5e7, 890adbc3b23e, eccfd7423db9, 8309d9f248bf, 519a6b7b3462, c75278194643, 8ba6d9af58a0, b47090379328, 96413029250f, b186bc17dc00, 245a3ceb3118, a8a5fa634d3e, c30faff3dceb, 3e0500dcdd8c, 8f91c05244d3, 0ca2409cb5e7, ebe764dc8e6b, 9b8b182a9d82, a2524633a169, 1792b4716253
2026-03-16T13:29:59.523Z [DEBUG] [Lingo.dev] [IDLE] Server is now idle
2026-03-16T13:29:59.879Z [DEBUG] [Lingo.dev] WebSocket client disconnected. Total clients: 0
2026-03-16T13:30:01.506Z [DEBUG] [Lingo.dev] WebSocket client connected. Total clients: 1
2026-03-16T13:30:15.723Z [INFO] [Lingo.dev] 📥 Received: POST /translations/en
2026-03-16T13:30:16.783Z [INFO] [Lingo.dev] 🔄 Processing: POST /translations/en
2026-03-16T13:30:16.990Z [DEBUG] [Lingo.dev] POST /translations/en
2026-03-16T13:30:17.105Z [DEBUG] [Lingo.dev] Reading request body...
2026-03-16T13:30:17.175Z [DEBUG] [Lingo.dev] Chunk read, body: {"hashes":["0ca2409cb5e7","890adbc3b23e","eccfd7423db9","8309d9f248bf","519a6b7b3462","c75278194643","8ba6d9af58a0","b47090379328","96413029250f","b186bc17dc00","245a3ceb3118","a8a5fa634d3e","c30faff3dceb","3e0500dcdd8c","8f91c05244d3","0ca2409cb5e7","ebe764dc8e6b","9b8b182a9d82","a2524633a169","1792b4716253"]}
2026-03-16T13:30:17.315Z [DEBUG] [Lingo.dev] Parsed hashes: 0ca2409cb5e7,890adbc3b23e,eccfd7423db9,8309d9f248bf,519a6b7b3462,c75278194643,8ba6d9af58a0,b47090379328,96413029250f,b186bc17dc00,245a3ceb3118,a8a5fa634d3e,c30faff3dceb,3e0500dcdd8c,8f91c05244d3,0ca2409cb5e7,ebe764dc8e6b,9b8b182a9d82,a2524633a169,1792b4716253
2026-03-16T13:30:17.610Z [DEBUG] [Lingo.dev] Reloaded metadata: 2 entries
2026-03-16T13:30:17.942Z [INFO] [Lingo.dev] 🔄 Translating 20 hashes to en
2026-03-16T13:30:18.329Z [DEBUG] [Lingo.dev] 🔄 Hashes: 0ca2409cb5e7, 890adbc3b23e, eccfd7423db9, 8309d9f248bf, 519a6b7b3462, c75278194643, 8ba6d9af58a0, b47090379328, 96413029250f, b186bc17dc00, 245a3ceb3118, a8a5fa634d3e, c30faff3dceb, 3e0500dcdd8c, 8f91c05244d3, 0ca2409cb5e7, ebe764dc8e6b, 9b8b182a9d82, a2524633a169, 1792b4716253
2026-03-16T13:30:18.482Z [DEBUG] [Lingo.dev] [BUSY] Server is now busy (1 active)
2026-03-16T13:30:18.923Z [INFO] [Lingo.dev] 📥 Received: POST /translations/en
2026-03-16T13:30:19.024Z [INFO] [Lingo.dev] 🔄 Processing: POST /translations/en
2026-03-16T13:30:19.231Z [DEBUG] [Lingo.dev] POST /translations/en
2026-03-16T13:30:19.256Z [DEBUG] [Lingo.dev] Reading request body...
2026-03-16T13:30:19.290Z [DEBUG] [Lingo.dev] Chunk read, body: {"hashes":["bcd6c4434eb0","8527ac14fb2e"]}
2026-03-16T13:30:19.306Z [DEBUG] [Lingo.dev] Parsed hashes: bcd6c4434eb0,8527ac14fb2e
2026-03-16T13:30:19.366Z [DEBUG] [Lingo.dev] Reloaded metadata: 2 entries
2026-03-16T13:30:19.445Z [INFO] [Lingo.dev] 🔄 Translating 2 hashes to en
2026-03-16T13:30:20.098Z [DEBUG] [Lingo.dev] 🔄 Hashes: bcd6c4434eb0, 8527ac14fb2e
2026-03-16T13:30:20.292Z [INFO] [Lingo.dev] 📥 Received: POST /translations/en
2026-03-16T13:30:20.455Z [INFO] [Lingo.dev] 🔄 Processing: POST /translations/en
2026-03-16T13:30:20.670Z [DEBUG] [Lingo.dev] POST /translations/en
2026-03-16T13:30:20.871Z [DEBUG] [Lingo.dev] Reading request body...
2026-03-16T13:30:20.886Z [DEBUG] [Lingo.dev] Chunk read, body: {"hashes":["0ca2409cb5e7","890adbc3b23e","eccfd7423db9","8309d9f248bf","519a6b7b3462","c75278194643","8ba6d9af58a0","b47090379328","96413029250f","b186bc17dc00","245a3ceb3118","a8a5fa634d3e","c30faff3dceb","3e0500dcdd8c","8f91c05244d3","0ca2409cb5e7","ebe764dc8e6b","9b8b182a9d82","a2524633a169","1792b4716253"]}
2026-03-16T13:30:20.892Z [DEBUG] [Lingo.dev] Parsed hashes: 0ca2409cb5e7,890adbc3b23e,eccfd7423db9,8309d9f248bf,519a6b7b3462,c75278194643,8ba6d9af58a0,b47090379328,96413029250f,b186bc17dc00,245a3ceb3118,a8a5fa634d3e,c30faff3dceb,3e0500dcdd8c,8f91c05244d3,0ca2409cb5e7,ebe764dc8e6b,9b8b182a9d82,a2524633a169,1792b4716253
2026-03-16T13:30:21.160Z [DEBUG] [Lingo.dev] Reloaded metadata: 2 entries
2026-03-16T13:30:21.252Z [INFO] [Lingo.dev] 🔄 Translating 20 hashes to en
2026-03-16T13:30:21.332Z [DEBUG] [Lingo.dev] 🔄 Hashes: 0ca2409cb5e7, 890adbc3b23e, eccfd7423db9, 8309d9f248bf, 519a6b7b3462, c75278194643, 8ba6d9af58a0, b47090379328, 96413029250f, b186bc17dc00, 245a3ceb3118, a8a5fa634d3e, c30faff3dceb, 3e0500dcdd8c, 8f91c05244d3, 0ca2409cb5e7, ebe764dc8e6b, 9b8b182a9d82, a2524633a169, 1792b4716253
2026-03-16T13:30:21.526Z [DEBUG] [Lingo.dev] [IDLE] Server is now idle
2026-03-16T13:30:22.161Z [DEBUG] [Lingo.dev] WebSocket client disconnected. Total clients: 0
2026-03-16T13:30:23.678Z [DEBUG] [Lingo.dev] WebSocket client connected. Total clients: 1
2026-03-16T13:43:44.924Z [INFO] [Lingo.dev] Port 60000 is available, starting new server...
2026-03-16T13:43:48.776Z [INFO] [Lingo.dev] 🔧 Initializing translator...
2026-03-16T13:43:48.940Z [DEBUG] [Lingo.dev] Starting translation server on port 60000
2026-03-16T13:43:49.082Z [INFO] [Lingo.dev] Translation server listening on http://127.0.0.1:60000
2026-03-16T13:43:49.167Z [INFO] [Lingo.dev] WebSocket server initialized
2026-03-16T13:45:20.362Z [INFO] [Lingo.dev] 📥 Received: POST /translations/en
2026-03-16T13:45:20.516Z [INFO] [Lingo.dev] 🔄 Processing: POST /translations/en
2026-03-16T13:45:20.937Z [DEBUG] [Lingo.dev] POST /translations/en
2026-03-16T13:45:22.110Z [DEBUG] [Lingo.dev] Reading request body...
2026-03-16T13:45:23.342Z [DEBUG] [Lingo.dev] Chunk read, body: {"hashes":["0ca2409cb5e7","890adbc3b23e","eccfd7423db9","8309d9f248bf","519a6b7b3462","c75278194643","8ba6d9af58a0","b47090379328","96413029250f","b186bc17dc00","245a3ceb3118","a8a5fa634d3e","c30faff3dceb","3e0500dcdd8c","8f91c05244d3","0ca2409cb5e7","ebe764dc8e6b","9b8b182a9d82","a2524633a169","1792b4716253"]}
2026-03-16T13:45:23.767Z [DEBUG] [Lingo.dev] Parsed hashes: 0ca2409cb5e7,890adbc3b23e,eccfd7423db9,8309d9f248bf,519a6b7b3462,c75278194643,8ba6d9af58a0,b47090379328,96413029250f,b186bc17dc00,245a3ceb3118,a8a5fa634d3e,c30faff3dceb,3e0500dcdd8c,8f91c05244d3,0ca2409cb5e7,ebe764dc8e6b,9b8b182a9d82,a2524633a169,1792b4716253
2026-03-16T13:45:23.887Z [INFO] [Lingo.dev] 📥 Received: POST /translations/en
2026-03-16T13:45:24.127Z [INFO] [Lingo.dev] 🔄 Processing: POST /translations/en
2026-03-16T13:45:24.897Z [DEBUG] [Lingo.dev] POST /translations/en
2026-03-16T13:45:25.102Z [DEBUG] [Lingo.dev] Reading request body...
2026-03-16T13:45:25.565Z [DEBUG] [Lingo.dev] Chunk read, body: {"hashes":["bcd6c4434eb0","8527ac14fb2e"]}
2026-03-16T13:45:25.886Z [DEBUG] [Lingo.dev] Parsed hashes: bcd6c4434eb0,8527ac14fb2e
2026-03-16T13:45:26.226Z [DEBUG] [Lingo.dev] Reloaded metadata: 0 entries
2026-03-16T13:45:26.494Z [DEBUG] [Lingo.dev] Reloaded metadata: 0 entries
2026-03-16T13:45:27.084Z [INFO] [Lingo.dev] 🔄 Translating 20 hashes to en
2026-03-16T13:45:27.413Z [DEBUG] [Lingo.dev] 🔄 Hashes: 0ca2409cb5e7, 890adbc3b23e, eccfd7423db9, 8309d9f248bf, 519a6b7b3462, c75278194643, 8ba6d9af58a0, b47090379328, 96413029250f, b186bc17dc00, 245a3ceb3118, a8a5fa634d3e, c30faff3dceb, 3e0500dcdd8c, 8f91c05244d3, 0ca2409cb5e7, ebe764dc8e6b, 9b8b182a9d82, a2524633a169, 1792b4716253
2026-03-16T13:45:27.709Z [DEBUG] [Lingo.dev] [BUSY] Server is now busy (1 active)
2026-03-16T13:45:27.714Z [INFO] [Lingo.dev] 🔄 Translating 2 hashes to en
2026-03-16T13:45:27.968Z [DEBUG] [Lingo.dev] 🔄 Hashes: bcd6c4434eb0, 8527ac14fb2e
2026-03-16T13:45:28.576Z [DEBUG] [Lingo.dev] [IDLE] Server is now idle
2026-03-16T13:45:28.832Z [INFO] [Lingo.dev] 📥 Received: POST /translations/en
2026-03-16T13:45:29.068Z [INFO] [Lingo.dev] 🔄 Processing: POST /translations/en
2026-03-16T13:45:29.142Z [DEBUG] [Lingo.dev] POST /translations/en
2026-03-16T13:45:29.615Z [DEBUG] [Lingo.dev] Reading request body...
2026-03-16T13:45:30.248Z [DEBUG] [Lingo.dev] Chunk read, body: {"hashes":["0ca2409cb5e7","890adbc3b23e","eccfd7423db9","8309d9f248bf","519a6b7b3462","c75278194643","8ba6d9af58a0","b47090379328","96413029250f","b186bc17dc00","245a3ceb3118","a8a5fa634d3e","c30faff3dceb","3e0500dcdd8c","8f91c05244d3","0ca2409cb5e7","ebe764dc8e6b","9b8b182a9d82","a2524633a169","1792b4716253"]}
2026-03-16T13:45:30.581Z [DEBUG] [Lingo.dev] Parsed hashes: 0ca2409cb5e7,890adbc3b23e,eccfd7423db9,8309d9f248bf,519a6b7b3462,c75278194643,8ba6d9af58a0,b47090379328,96413029250f,b186bc17dc00,245a3ceb3118,a8a5fa634d3e,c30faff3dceb,3e0500dcdd8c,8f91c05244d3,0ca2409cb5e7,ebe764dc8e6b,9b8b182a9d82,a2524633a169,1792b4716253
2026-03-16T13:45:30.808Z [DEBUG] [Lingo.dev] Reloaded metadata: 0 entries
2026-03-16T13:45:31.210Z [INFO] [Lingo.dev] 🔄 Translating 20 hashes to en
2026-03-16T13:45:32.193Z [DEBUG] [Lingo.dev] 🔄 Hashes: 0ca2409cb5e7, 890adbc3b23e, eccfd7423db9, 8309d9f248bf, 519a6b7b3462, c75278194643, 8ba6d9af58a0, b47090379328, 96413029250f, b186bc17dc00, 245a3ceb3118, a8a5fa634d3e, c30faff3dceb, 3e0500dcdd8c, 8f91c05244d3, 0ca2409cb5e7, ebe764dc8e6b, 9b8b182a9d82, a2524633a169, 1792b4716253
2026-03-16T13:45:32.539Z [DEBUG] [Lingo.dev] [BUSY] Server is now busy (1 active)
2026-03-16T13:45:32.784Z [DEBUG] [Lingo.dev] [IDLE] Server is now idle
2026-03-16T13:45:39.077Z [DEBUG] [Lingo.dev] WebSocket client connected. Total clients: 1
2026-03-16T13:45:58.979Z [INFO] [Lingo.dev] 📥 Received: GET /fr
2026-03-16T13:46:01.495Z [INFO] [Lingo.dev] 🔄 Processing: GET /fr
2026-03-16T13:46:02.383Z [DEBUG] [Lingo.dev] GET /fr
2026-03-16T13:46:02.563Z [DEBUG] [Lingo.dev] WebSocket client disconnected. Total clients: 0
2026-03-16T13:47:20.120Z [INFO] [Lingo.dev] 📥 Received: POST /translations/en
2026-03-16T13:47:20.626Z [INFO] [Lingo.dev] 🔄 Processing: POST /translations/en
2026-03-16T13:47:20.770Z [DEBUG] [Lingo.dev] POST /translations/en
2026-03-16T13:47:20.932Z [DEBUG] [Lingo.dev] Reading request body...
2026-03-16T13:47:21.093Z [DEBUG] [Lingo.dev] Chunk read, body: {"hashes":["0ca2409cb5e7","890adbc3b23e","eccfd7423db9","8309d9f248bf","519a6b7b3462","c75278194643","8ba6d9af58a0","b47090379328","96413029250f","b186bc17dc00","245a3ceb3118","a8a5fa634d3e","c30faff3dceb","3e0500dcdd8c","8f91c05244d3","0ca2409cb5e7","ebe764dc8e6b","9b8b182a9d82","a2524633a169","1792b4716253"]}
2026-03-16T13:47:21.184Z [DEBUG] [Lingo.dev] Parsed hashes: 0ca2409cb5e7,890adbc3b23e,eccfd7423db9,8309d9f248bf,519a6b7b3462,c75278194643,8ba6d9af58a0,b47090379328,96413029250f,b186bc17dc00,245a3ceb3118,a8a5fa634d3e,c30faff3dceb,3e0500dcdd8c,8f91c05244d3,0ca2409cb5e7,ebe764dc8e6b,9b8b182a9d82,a2524633a169,1792b4716253
2026-03-16T13:47:21.255Z [DEBUG] [Lingo.dev] Reloaded metadata: 0 entries
2026-03-16T13:47:21.326Z [INFO] [Lingo.dev] 🔄 Translating 20 hashes to en
2026-03-16T13:47:21.408Z [DEBUG] [Lingo.dev] 🔄 Hashes: 0ca2409cb5e7, 890adbc3b23e, eccfd7423db9, 8309d9f248bf, 519a6b7b3462, c75278194643, 8ba6d9af58a0, b47090379328, 96413029250f, b186bc17dc00, 245a3ceb3118, a8a5fa634d3e, c30faff3dceb, 3e0500dcdd8c, 8f91c05244d3, 0ca2409cb5e7, ebe764dc8e6b, 9b8b182a9d82, a2524633a169, 1792b4716253
2026-03-16T13:47:21.600Z [DEBUG] [Lingo.dev] [BUSY] Server is now busy (1 active)
2026-03-16T13:47:21.678Z [INFO] [Lingo.dev] 📥 Received: POST /translations/en
2026-03-16T13:47:21.859Z [INFO] [Lingo.dev] 🔄 Processing: POST /translations/en
2026-03-16T13:47:21.938Z [DEBUG] [Lingo.dev] POST /translations/en
2026-03-16T13:47:22.302Z [DEBUG] [Lingo.dev] Reading request body...
2026-03-16T13:47:22.471Z [DEBUG] [Lingo.dev] Chunk read, body: {"hashes":["bcd6c4434eb0","8527ac14fb2e"]}
2026-03-16T13:47:22.525Z [DEBUG] [Lingo.dev] Parsed hashes: bcd6c4434eb0,8527ac14fb2e
2026-03-16T13:47:22.792Z [DEBUG] [Lingo.dev] Reloaded metadata: 0 entries
2026-03-16T13:47:22.900Z [INFO] [Lingo.dev] 🔄 Translating 2 hashes to en
2026-03-16T13:47:22.961Z [DEBUG] [Lingo.dev] 🔄 Hashes: bcd6c4434eb0, 8527ac14fb2e
2026-03-16T13:47:23.155Z [INFO] [Lingo.dev] 📥 Received: POST /translations/en
2026-03-16T13:47:23.219Z [INFO] [Lingo.dev] 🔄 Processing: POST /translations/en
2026-03-16T13:47:23.274Z [DEBUG] [Lingo.dev] POST /translations/en
2026-03-16T13:47:23.460Z [DEBUG] [Lingo.dev] Reading request body...
2026-03-16T13:47:23.519Z [DEBUG] [Lingo.dev] Chunk read, body: {"hashes":["0ca2409cb5e7","890adbc3b23e","eccfd7423db9","8309d9f248bf","519a6b7b3462","c75278194643","8ba6d9af58a0","b47090379328","96413029250f","b186bc17dc00","245a3ceb3118","a8a5fa634d3e","c30faff3dceb","3e0500dcdd8c","8f91c05244d3","0ca2409cb5e7","ebe764dc8e6b","9b8b182a9d82","a2524633a169","1792b4716253"]}
2026-03-16T13:47:23.627Z [DEBUG] [Lingo.dev] Parsed hashes: 0ca2409cb5e7,890adbc3b23e,eccfd7423db9,8309d9f248bf,519a6b7b3462,c75278194643,8ba6d9af58a0,b47090379328,96413029250f,b186bc17dc00,245a3ceb3118,a8a5fa634d3e,c30faff3dceb,3e0500dcdd8c,8f91c05244d3,0ca2409cb5e7,ebe764dc8e6b,9b8b182a9d82,a2524633a169,1792b4716253
2026-03-16T13:47:23.663Z [DEBUG] [Lingo.dev] Reloaded metadata: 0 entries
2026-03-16T13:47:23.764Z [INFO] [Lingo.dev] 🔄 Translating 20 hashes to en
2026-03-16T13:47:23.803Z [DEBUG] [Lingo.dev] 🔄 Hashes: 0ca2409cb5e7, 890adbc3b23e, eccfd7423db9, 8309d9f248bf, 519a6b7b3462, c75278194643, 8ba6d9af58a0, b47090379328, 96413029250f, b186bc17dc00, 245a3ceb3118, a8a5fa634d3e, c30faff3dceb, 3e0500dcdd8c, 8f91c05244d3, 0ca2409cb5e7, ebe764dc8e6b, 9b8b182a9d82, a2524633a169, 1792b4716253
2026-03-16T13:47:23.836Z [DEBUG] [Lingo.dev] [IDLE] Server is now idle
2026-03-16T13:47:25.819Z [DEBUG] [Lingo.dev] WebSocket client connected. Total clients: 1
2026-03-16T13:48:09.368Z [INFO] [Lingo.dev] 📥 Received: POST /translations/en
2026-03-16T13:48:10.360Z [INFO] [Lingo.dev] 🔄 Processing: POST /translations/en
2026-03-16T13:48:10.512Z [DEBUG] [Lingo.dev] POST /translations/en
2026-03-16T13:48:10.574Z [DEBUG] [Lingo.dev] Reading request body...
2026-03-16T13:48:10.610Z [DEBUG] [Lingo.dev] Chunk read, body: {"hashes":["0ca2409cb5e7","890adbc3b23e","eccfd7423db9","8309d9f248bf","519a6b7b3462","c75278194643","8ba6d9af58a0","b47090379328","96413029250f","b186bc17dc00","245a3ceb3118","a8a5fa634d3e","c30faff3dceb","3e0500dcdd8c","8f91c05244d3","0ca2409cb5e7","ebe764dc8e6b","9b8b182a9d82","a2524633a169","1792b4716253"]}
2026-03-16T13:48:10.681Z [DEBUG] [Lingo.dev] Parsed hashes: 0ca2409cb5e7,890adbc3b23e,eccfd7423db9,8309d9f248bf,519a6b7b3462,c75278194643,8ba6d9af58a0,b47090379328,96413029250f,b186bc17dc00,245a3ceb3118,a8a5fa634d3e,c30faff3dceb,3e0500dcdd8c,8f91c05244d3,0ca2409cb5e7,ebe764dc8e6b,9b8b182a9d82,a2524633a169,1792b4716253
2026-03-16T13:48:11.035Z [DEBUG] [Lingo.dev] Reloaded metadata: 0 entries
2026-03-16T13:48:11.192Z [INFO] [Lingo.dev] 🔄 Translating 20 hashes to en
2026-03-16T13:48:11.638Z [DEBUG] [Lingo.dev] 🔄 Hashes: 0ca2409cb5e7, 890adbc3b23e, eccfd7423db9, 8309d9f248bf, 519a6b7b3462, c75278194643, 8ba6d9af58a0, b47090379328, 96413029250f, b186bc17dc00, 245a3ceb3118, a8a5fa634d3e, c30faff3dceb, 3e0500dcdd8c, 8f91c05244d3, 0ca2409cb5e7, ebe764dc8e6b, 9b8b182a9d82, a2524633a169, 1792b4716253
2026-03-16T13:48:12.078Z [DEBUG] [Lingo.dev] [BUSY] Server is now busy (1 active)
2026-03-16T13:48:12.440Z [INFO] [Lingo.dev] 📥 Received: POST /translations/en
2026-03-16T13:48:12.584Z [INFO] [Lingo.dev] 🔄 Processing: POST /translations/en
2026-03-16T13:48:12.914Z [DEBUG] [Lingo.dev] POST /translations/en
2026-03-16T13:48:13.205Z [DEBUG] [Lingo.dev] Reading request body...
2026-03-16T13:48:13.346Z [DEBUG] [Lingo.dev] Chunk read, body: {"hashes":["bcd6c4434eb0","8527ac14fb2e"]}
2026-03-16T13:48:13.746Z [DEBUG] [Lingo.dev] Parsed hashes: bcd6c4434eb0,8527ac14fb2e
2026-03-16T13:48:14.444Z [DEBUG] [Lingo.dev] Reloaded metadata: 0 entries
2026-03-16T13:48:14.462Z [INFO] [Lingo.dev] 🔄 Translating 2 hashes to en
2026-03-16T13:48:14.472Z [DEBUG] [Lingo.dev] 🔄 Hashes: bcd6c4434eb0, 8527ac14fb2e
2026-03-16T13:48:14.693Z [INFO] [Lingo.dev] 📥 Received: POST /translations/en
2026-03-16T13:48:14.837Z [INFO] [Lingo.dev] 🔄 Processing: POST /translations/en
2026-03-16T13:48:14.997Z [DEBUG] [Lingo.dev] POST /translations/en
2026-03-16T13:48:15.185Z [DEBUG] [Lingo.dev] Reading request body...
2026-03-16T13:48:15.236Z [DEBUG] [Lingo.dev] Chunk read, body: {"hashes":["0ca2409cb5e7","890adbc3b23e","eccfd7423db9","8309d9f248bf","519a6b7b3462","c75278194643","8ba6d9af58a0","b47090379328","96413029250f","b186bc17dc00","245a3ceb3118","a8a5fa634d3e","c30faff3dceb","3e0500dcdd8c","8f91c05244d3","0ca2409cb5e7","ebe764dc8e6b","9b8b182a9d82","a2524633a169","1792b4716253"]}
2026-03-16T13:48:15.584Z [DEBUG] [Lingo.dev] Parsed hashes: 0ca2409cb5e7,890adbc3b23e,eccfd7423db9,8309d9f248bf,519a6b7b3462,c75278194643,8ba6d9af58a0,b47090379328,96413029250f,b186bc17dc00,245a3ceb3118,a8a5fa634d3e,c30faff3dceb,3e0500dcdd8c,8f91c05244d3,0ca2409cb5e7,ebe764dc8e6b,9b8b182a9d82,a2524633a169,1792b4716253
2026-03-16T13:48:15.602Z [DEBUG] [Lingo.dev] Reloaded metadata: 0 entries
2026-03-16T13:48:15.820Z [INFO] [Lingo.dev] 🔄 Translating 20 hashes to en
2026-03-16T13:48:15.899Z [DEBUG] [Lingo.dev] 🔄 Hashes: 0ca2409cb5e7, 890adbc3b23e, eccfd7423db9, 8309d9f248bf, 519a6b7b3462, c75278194643, 8ba6d9af58a0, b47090379328, 96413029250f, b186bc17dc00, 245a3ceb3118, a8a5fa634d3e, c30faff3dceb, 3e0500dcdd8c, 8f91c05244d3, 0ca2409cb5e7, ebe764dc8e6b, 9b8b182a9d82, a2524633a169, 1792b4716253
2026-03-16T13:48:15.956Z [DEBUG] [Lingo.dev] [IDLE] Server is now idle
2026-03-16T13:48:16.524Z [DEBUG] [Lingo.dev] WebSocket client disconnected. Total clients: 0
2026-03-16T13:48:17.815Z [DEBUG] [Lingo.dev] WebSocket client connected. Total clients: 1
2026-03-16T13:49:26.720Z [INFO] [Lingo.dev] Port 60000 is available, starting new server...
2026-03-16T13:49:28.791Z [INFO] [Lingo.dev] 🔧 Initializing translator...
2026-03-16T13:49:28.804Z [DEBUG] [Lingo.dev] Starting translation server on port 60000
2026-03-16T13:49:28.877Z [INFO] [Lingo.dev] Translation server listening on http://127.0.0.1:60000
2026-03-16T13:49:28.889Z [INFO] [Lingo.dev] WebSocket server initialized
2026-03-16T13:49:43.205Z [INFO] [Lingo.dev] 📥 Received: POST /translations/en
2026-03-16T13:49:43.261Z [INFO] [Lingo.dev] 🔄 Processing: POST /translations/en
2026-03-16T13:49:43.319Z [DEBUG] [Lingo.dev] POST /translations/en
2026-03-16T13:49:43.455Z [DEBUG] [Lingo.dev] Reading request body...
2026-03-16T13:49:43.798Z [DEBUG] [Lingo.dev] Chunk read, body: {"hashes":["bcd6c4434eb0","8527ac14fb2e"]}
2026-03-16T13:49:44.493Z [DEBUG] [Lingo.dev] Parsed hashes: bcd6c4434eb0,8527ac14fb2e
2026-03-16T13:49:44.869Z [INFO] [Lingo.dev] 📥 Received: POST /translations/en
2026-03-16T13:49:45.149Z [INFO] [Lingo.dev] 🔄 Processing: POST /translations/en
2026-03-16T13:49:45.295Z [DEBUG] [Lingo.dev] POST /translations/en
2026-03-16T13:49:45.523Z [DEBUG] [Lingo.dev] Reading request body...
2026-03-16T13:49:45.789Z [DEBUG] [Lingo.dev] Chunk read, body: {"hashes":["0ca2409cb5e7","890adbc3b23e","eccfd7423db9","8309d9f248bf","519a6b7b3462","c75278194643","8ba6d9af58a0","b47090379328","96413029250f","b186bc17dc00","245a3ceb3118","a8a5fa634d3e","c30faff3dceb","3e0500dcdd8c","8f91c05244d3","0ca2409cb5e7","ebe764dc8e6b","9b8b182a9d82","a2524633a169","1792b4716253"]}
2026-03-16T13:49:45.988Z [DEBUG] [Lingo.dev] Parsed hashes: 0ca2409cb5e7,890adbc3b23e,eccfd7423db9,8309d9f248bf,519a6b7b3462,c75278194643,8ba6d9af58a0,b47090379328,96413029250f,b186bc17dc00,245a3ceb3118,a8a5fa634d3e,c30faff3dceb,3e0500dcdd8c,8f91c05244d3,0ca2409cb5e7,ebe764dc8e6b,9b8b182a9d82,a2524633a169,1792b4716253
2026-03-16T13:49:46.091Z [DEBUG] [Lingo.dev] Reloaded metadata: 0 entries
2026-03-16T13:49:46.153Z [DEBUG] [Lingo.dev] Reloaded metadata: 0 entries
2026-03-16T13:49:46.484Z [INFO] [Lingo.dev] 🔄 Translating 2 hashes to en
2026-03-16T13:49:46.787Z [DEBUG] [Lingo.dev] 🔄 Hashes: bcd6c4434eb0, 8527ac14fb2e
2026-03-16T13:49:46.866Z [DEBUG] [Lingo.dev] [BUSY] Server is now busy (1 active)
2026-03-16T13:49:47.090Z [INFO] [Lingo.dev] 🔄 Translating 20 hashes to en
2026-03-16T13:49:47.181Z [DEBUG] [Lingo.dev] 🔄 Hashes: 0ca2409cb5e7, 890adbc3b23e, eccfd7423db9, 8309d9f248bf, 519a6b7b3462, c75278194643, 8ba6d9af58a0, b47090379328, 96413029250f, b186bc17dc00, 245a3ceb3118, a8a5fa634d3e, c30faff3dceb, 3e0500dcdd8c, 8f91c05244d3, 0ca2409cb5e7, ebe764dc8e6b, 9b8b182a9d82, a2524633a169, 1792b4716253
2026-03-16T13:49:47.260Z [INFO] [Lingo.dev] 📥 Received: POST /translations/en
2026-03-16T13:49:47.452Z [INFO] [Lingo.dev] 🔄 Processing: POST /translations/en
2026-03-16T13:49:47.688Z [DEBUG] [Lingo.dev] POST /translations/en
2026-03-16T13:49:47.721Z [DEBUG] [Lingo.dev] Reading request body...
2026-03-16T13:49:47.881Z [DEBUG] [Lingo.dev] Chunk read, body: {"hashes":["0ca2409cb5e7","890adbc3b23e","eccfd7423db9","8309d9f248bf","519a6b7b3462","c75278194643","8ba6d9af58a0","b47090379328","96413029250f","b186bc17dc00","245a3ceb3118","a8a5fa634d3e","c30faff3dceb","3e0500dcdd8c","8f91c05244d3","0ca2409cb5e7","ebe764dc8e6b","9b8b182a9d82","a2524633a169","1792b4716253"]}
2026-03-16T13:49:48.162Z [DEBUG] [Lingo.dev] Parsed hashes: 0ca2409cb5e7,890adbc3b23e,eccfd7423db9,8309d9f248bf,519a6b7b3462,c75278194643,8ba6d9af58a0,b47090379328,96413029250f,b186bc17dc00,245a3ceb3118,a8a5fa634d3e,c30faff3dceb,3e0500dcdd8c,8f91c05244d3,0ca2409cb5e7,ebe764dc8e6b,9b8b182a9d82,a2524633a169,1792b4716253
2026-03-16T13:49:48.485Z [DEBUG] [Lingo.dev] Reloaded metadata: 0 entries
2026-03-16T13:49:48.560Z [INFO] [Lingo.dev] 🔄 Translating 20 hashes to en
2026-03-16T13:49:48.806Z [DEBUG] [Lingo.dev] 🔄 Hashes: 0ca2409cb5e7, 890adbc3b23e, eccfd7423db9, 8309d9f248bf, 519a6b7b3462, c75278194643, 8ba6d9af58a0, b47090379328, 96413029250f, b186bc17dc00, 245a3ceb3118, a8a5fa634d3e, c30faff3dceb, 3e0500dcdd8c, 8f91c05244d3, 0ca2409cb5e7, ebe764dc8e6b, 9b8b182a9d82, a2524633a169, 1792b4716253
2026-03-16T13:49:49.027Z [DEBUG] [Lingo.dev] [IDLE] Server is now idle
2026-03-16T13:49:50.966Z [DEBUG] [Lingo.dev] WebSocket client connected. Total clients: 1
2026-03-16T13:51:05.319Z [INFO] [Lingo.dev] 📥 Received: POST /translations/en
2026-03-16T13:51:06.487Z [INFO] [Lingo.dev] 🔄 Processing: POST /translations/en
2026-03-16T13:51:07.742Z [DEBUG] [Lingo.dev] POST /translations/en
2026-03-16T13:51:08.138Z [DEBUG] [Lingo.dev] Reading request body...
2026-03-16T13:51:08.344Z [DEBUG] [Lingo.dev] Chunk read, body: {"hashes":["0ca2409cb5e7","890adbc3b23e","eccfd7423db9","8309d9f248bf","519a6b7b3462","c75278194643","8ba6d9af58a0","b47090379328","96413029250f","b186bc17dc00","245a3ceb3118","a8a5fa634d3e","c30faff3dceb","3e0500dcdd8c","8f91c05244d3","0ca2409cb5e7","ebe764dc8e6b","9b8b182a9d82","a2524633a169","1792b4716253"]}
2026-03-16T13:51:08.475Z [DEBUG] [Lingo.dev] Parsed hashes: 0ca2409cb5e7,890adbc3b23e,eccfd7423db9,8309d9f248bf,519a6b7b3462,c75278194643,8ba6d9af58a0,b47090379328,96413029250f,b186bc17dc00,245a3ceb3118,a8a5fa634d3e,c30faff3dceb,3e0500dcdd8c,8f91c05244d3,0ca2409cb5e7,ebe764dc8e6b,9b8b182a9d82,a2524633a169,1792b4716253
2026-03-16T13:51:08.991Z [DEBUG] [Lingo.dev] Reloaded metadata: 0 entries
2026-03-16T13:51:09.515Z [INFO] [Lingo.dev] 🔄 Translating 20 hashes to en
2026-03-16T13:51:09.787Z [DEBUG] [Lingo.dev] 🔄 Hashes: 0ca2409cb5e7, 890adbc3b23e, eccfd7423db9, 8309d9f248bf, 519a6b7b3462, c75278194643, 8ba6d9af58a0, b47090379328, 96413029250f, b186bc17dc00, 245a3ceb3118, a8a5fa634d3e, c30faff3dceb, 3e0500dcdd8c, 8f91c05244d3, 0ca2409cb5e7, ebe764dc8e6b, 9b8b182a9d82, a2524633a169, 1792b4716253
2026-03-16T13:51:10.143Z [DEBUG] [Lingo.dev] [BUSY] Server is now busy (1 active)
2026-03-16T13:51:10.533Z [INFO] [Lingo.dev] 📥 Received: POST /translations/en
2026-03-16T13:51:10.672Z [INFO] [Lingo.dev] 🔄 Processing: POST /translations/en
2026-03-16T13:51:10.757Z [DEBUG] [Lingo.dev] POST /translations/en
2026-03-16T13:51:10.945Z [DEBUG] [Lingo.dev] Reading request body...
2026-03-16T13:51:10.958Z [DEBUG] [Lingo.dev] Chunk read, body: {"hashes":["bcd6c4434eb0","8527ac14fb2e"]}
2026-03-16T13:51:10.971Z [DEBUG] [Lingo.dev] Parsed hashes: bcd6c4434eb0,8527ac14fb2e
2026-03-16T13:51:10.986Z [DEBUG] [Lingo.dev] Reloaded metadata: 0 entries
2026-03-16T13:51:11.018Z [INFO] [Lingo.dev] 🔄 Translating 2 hashes to en
2026-03-16T13:51:11.141Z [DEBUG] [Lingo.dev] 🔄 Hashes: bcd6c4434eb0, 8527ac14fb2e
2026-03-16T13:51:11.392Z [DEBUG] [Lingo.dev] [IDLE] Server is now idle
2026-03-16T13:51:11.574Z [INFO] [Lingo.dev] 📥 Received: POST /translations/en
2026-03-16T13:51:11.775Z [INFO] [Lingo.dev] 🔄 Processing: POST /translations/en
2026-03-16T13:51:12.083Z [DEBUG] [Lingo.dev] POST /translations/en
2026-03-16T13:51:12.496Z [DEBUG] [Lingo.dev] Reading request body...
2026-03-16T13:51:12.764Z [DEBUG] [Lingo.dev] Chunk read, body: {"hashes":["0ca2409cb5e7","890adbc3b23e","eccfd7423db9","8309d9f248bf","519a6b7b3462","c75278194643","8ba6d9af58a0","b47090379328","96413029250f","b186bc17dc00","245a3ceb3118","a8a5fa634d3e","c30faff3dceb","3e0500dcdd8c","8f91c05244d3","0ca2409cb5e7","ebe764dc8e6b","9b8b182a9d82","a2524633a169","1792b4716253"]}
2026-03-16T13:51:12.868Z [DEBUG] [Lingo.dev] Parsed hashes: 0ca2409cb5e7,890adbc3b23e,eccfd7423db9,8309d9f248bf,519a6b7b3462,c75278194643,8ba6d9af58a0,b47090379328,96413029250f,b186bc17dc00,245a3ceb3118,a8a5fa634d3e,c30faff3dceb,3e0500dcdd8c,8f91c05244d3,0ca2409cb5e7,ebe764dc8e6b,9b8b182a9d82,a2524633a169,1792b4716253
2026-03-16T13:51:13.121Z [DEBUG] [Lingo.dev] Reloaded metadata: 0 entries
2026-03-16T13:51:13.357Z [INFO] [Lingo.dev] 🔄 Translating 20 hashes to en
2026-03-16T13:51:13.412Z [DEBUG] [Lingo.dev] 🔄 Hashes: 0ca2409cb5e7, 890adbc3b23e, eccfd7423db9, 8309d9f248bf, 519a6b7b3462, c75278194643, 8ba6d9af58a0, b47090379328, 96413029250f, b186bc17dc00, 245a3ceb3118, a8a5fa634d3e, c30faff3dceb, 3e0500dcdd8c, 8f91c05244d3, 0ca2409cb5e7, ebe764dc8e6b, 9b8b182a9d82, a2524633a169, 1792b4716253
2026-03-16T13:51:13.444Z [DEBUG] [Lingo.dev] [BUSY] Server is now busy (1 active)
2026-03-16T13:51:13.619Z [DEBUG] [Lingo.dev] [IDLE] Server is now idle
2026-03-16T13:51:13.703Z [DEBUG] [Lingo.dev] WebSocket client disconnected. Total clients: 0
2026-03-16T13:51:33.778Z [DEBUG] [Lingo.dev] WebSocket client connected. Total clients: 1
